../Core/Src/main.c:291:6:Set_PWM_Frequency.part.0	0	static
../Core/Src/main.c:85:6:pid_init	0	static
../Core/Src/main.c:97:6:pid_reset	0	static
../Core/Src/main.c:103:5:pid_calculate	0	static
../Core/Src/main.c:158:6:Init_Motor	0	static
../Core/Src/main.c:191:6:ResetMotor	0	static
../Core/Src/main.c:197:6:motor_update_count	0	static
../Core/Src/main.c:207:6:motor_set_speed	0	static
../Core/Src/main.c:216:6:MotorABS	8	static
../Core/Src/main.c:222:6:SetMotorSpeed	8	static
../Core/Src/main.c:173:6:motor_calculate_speed	8	static
../Core/Src/main.c:255:6:Init_MotorSystem	16	static
../Core/Src/main.c:269:6:HAL_TIM_PeriodElapsedCallback	8	static
../Core/Src/main.c:291:6:Set_PWM_Frequency	0	static
../Core/Src/main.c:310:6:ProcessCommand	16	static
../Core/Src/main.c:455:6:HAL_GPIO_EXTI_Callback	16	static
../Core/Src/main.c:473:6:DistanceIndicator	8	static
../Core/Src/main.c:508:6:DistanceSensor	8	static
../Core/Src/main.c:536:6:ProcessHeartBeat	24	static
../Core/Src/main.c:549:6:TESTSCENARIO	8	static
../Core/Src/main.c:647:6:SystemClock_Config	88	static,ignoring_inline_asm
../Core/Src/main.c:569:5:main	8	static,ignoring_inline_asm
../Core/Src/main.c:701:6:HAL_UART_RxCpltCallback	16	static
../Core/Src/main.c:720:6:Error_Handler	0	static,ignoring_inline_asm
