../Core/Src/wifi_api.c:229:12:uart2_try_read	0	static
../Core/Src/wifi_api.c:343:12:cmd_is_motor	0	static
../Core/Src/wifi_api.c:285:13:esp_send	8	static
../Core/Src/wifi_api.c:321:13:rx_trim_to_tail	16	static
../Core/Src/wifi_api.c:312:13:rx_push_byte	16	static
../Core/Src/wifi_api.c:221:17:now_us	8	static
../Core/Src/wifi_api.c:257:12:wait_for_string	32	static
../Core/Src/wifi_api.c:385:12:esp_send_raw	88	static
../Core/Src/wifi_api.c:424:13:send_http	64	static
../Core/Src/wifi_api.c:557:13:send_json_state	1096	static
../Core/Src/wifi_api.c:622:13:handle_request.constprop	1104	static
../Core/Src/wifi_api.c:683:13:process_rx_buffer	32	static
../Core/Src/wifi_api.c:741:6:WifiApi_Init	144	static
../Core/Src/wifi_api.c:754:6:WifiApi_Process	16	static
../Core/Src/wifi_api.c:773:6:WifiApi_PollCommands	16	static
