../Core/Src/wifi_api.c:153:13:esp_send	8	static
../Core/Src/wifi_api.c:99:13:rx_trim_to_tail	16	static
../Core/Src/wifi_api.c:88:13:rx_push_byte	16	static
../Core/Src/wifi_api.c:126:12:wait_for_string	32	static
../Core/Src/wifi_api.c:180:13:send_http	80	static
../Core/Src/wifi_api.c:294:13:send_json_state	824	static
../Core/Src/wifi_api.c:353:13:handle_request.constprop	968	static
../Core/Src/wifi_api.c:423:13:process_rx_buffer	32	static
../Core/Src/wifi_api.c:481:6:WifiApi_Init	144	static
../Core/Src/wifi_api.c:490:6:WifiApi_Process	16	static
