../Core/Src/main.c:68:6:HAL_UARTEx_RxEventCallback	16	static
../Core/Src/main.c:84:6:pid_init	32	static
../Core/Src/main.c:96:6:pid_reset	16	static
../Core/Src/main.c:102:5:pid_calculate	40	static
../Core/Src/main.c:151:6:motor_init	16	static
../Core/Src/main.c:162:6:motor_calculate_speed	24	static
../Core/Src/main.c:187:6:motor_update_count	16	static
../Core/Src/main.c:193:6:motor_set_speed	16	static
../Core/Src/main.c:201:6:drv8835_set_motorA_speed	16	static
../Core/Src/main.c:209:6:drv8835_init	8	static
../Core/Src/main.c:218:6:HAL_TIM_PeriodElapsedCallback	16	static
../Core/Src/main.c:229:6:Set_PWM_Frequency	32	static
../Core/Src/main.c:245:6:ATC_ReceiveCallback	16	static
../Core/Src/main.c:253:6:ProcessCommand	24	static
../Core/Src/main.c:330:6:ProcessIncomingData	40	static
../Core/Src/main.c:358:6:ProcessHeartBeat	104	static
../Core/Src/main.c:399:6:TESTSCENARIO	16	static
../Core/Src/main.c:417:5:main	24	static
../Core/Src/main.c:514:6:SystemClock_Config	88	static
../Core/Src/main.c:575:6:Error_Handler	4	static,ignoring_inline_asm
