../Core/Src/main.c:71:6:HAL_UARTEx_RxEventCallback	16	static
../Core/Src/main.c:87:6:pid_init	32	static
../Core/Src/main.c:99:6:pid_reset	16	static
../Core/Src/main.c:105:5:pid_calculate	40	static
../Core/Src/main.c:154:6:motor_init	16	static
../Core/Src/main.c:165:6:motor_calculate_speed	24	static
../Core/Src/main.c:183:6:motor_update_count	16	static
../Core/Src/main.c:189:6:motor_set_speed	16	static
../Core/Src/main.c:197:6:drv8835_set_motorA_speed	16	static
../Core/Src/main.c:205:6:drv8835_init	8	static
../Core/Src/main.c:212:6:HAL_TIM_PeriodElapsedCallback	16	static
../Core/Src/main.c:223:6:Set_PWM_Frequency	32	static
../Core/Src/main.c:238:6:ATC_ReceiveCallback	16	static
../Core/Src/main.c:247:6:ProcessCommand	24	static
../Core/Src/main.c:358:6:ProcessIncomingData	24	static
../Core/Src/main.c:386:6:ProcessHeartBeat	104	static
../Core/Src/main.c:419:6:TESTSCENARIO	16	static
../Core/Src/main.c:439:5:main	16	static
../Core/Src/main.c:516:6:SystemClock_Config	88	static
../Core/Src/main.c:570:6:HAL_UART_RxCpltCallback	16	static
../Core/Src/main.c:589:6:Error_Handler	4	static,ignoring_inline_asm
