../Core/Src/stm32f7xx_it.c:83:6:NMI_Handler	4	static
../Core/Src/stm32f7xx_it.c:98:6:HardFault_Handler	4	static
../Core/Src/stm32f7xx_it.c:113:6:MemManage_Handler	4	static
../Core/Src/stm32f7xx_it.c:128:6:BusFault_Handler	4	static
../Core/Src/stm32f7xx_it.c:143:6:UsageFault_Handler	4	static
../Core/Src/stm32f7xx_it.c:158:6:DebugMon_Handler	4	static
../Core/Src/stm32f7xx_it.c:171:6:SysTick_Handler	8	static
../Core/Src/stm32f7xx_it.c:200:6:DMA1_Stream5_IRQHandler	8	static
../Core/Src/stm32f7xx_it.c:214:6:DMA1_Stream6_IRQHandler	8	static
../Core/Src/stm32f7xx_it.c:228:6:TIM1_BRK_TIM9_IRQHandler	8	static
../Core/Src/stm32f7xx_it.c:243:6:TIM1_UP_TIM10_IRQHandler	8	static
../Core/Src/stm32f7xx_it.c:257:6:TIM1_TRG_COM_TIM11_IRQHandler	8	static
../Core/Src/stm32f7xx_it.c:271:6:TIM1_CC_IRQHandler	8	static
../Core/Src/stm32f7xx_it.c:285:6:TIM2_IRQHandler	8	static
../Core/Src/stm32f7xx_it.c:299:6:TIM3_IRQHandler	8	static
../Core/Src/stm32f7xx_it.c:313:6:TIM4_IRQHandler	8	static
../Core/Src/stm32f7xx_it.c:327:6:USART2_IRQHandler	8	static
../Core/Src/stm32f7xx_it.c:341:6:USART3_IRQHandler	8	static
../Core/Src/stm32f7xx_it.c:355:6:EXTI15_10_IRQHandler	8	static
../Core/Src/stm32f7xx_it.c:369:6:TIM8_BRK_TIM12_IRQHandler	8	static
../Core/Src/stm32f7xx_it.c:384:6:TIM8_UP_TIM13_IRQHandler	8	static
../Core/Src/stm32f7xx_it.c:398:6:TIM8_TRG_COM_TIM14_IRQHandler	8	static
../Core/Src/stm32f7xx_it.c:412:6:TIM8_CC_IRQHandler	8	static
../Core/Src/stm32f7xx_it.c:426:6:TIM5_IRQHandler	8	static
../Core/Src/stm32f7xx_it.c:440:6:TIM6_DAC_IRQHandler	8	static
