../Core/Src/stm32f7xx_it.c:82:6:NMI_Handler	4	static
../Core/Src/stm32f7xx_it.c:97:6:HardFault_Handler	4	static
../Core/Src/stm32f7xx_it.c:112:6:MemManage_Handler	4	static
../Core/Src/stm32f7xx_it.c:127:6:BusFault_Handler	4	static
../Core/Src/stm32f7xx_it.c:142:6:UsageFault_Handler	4	static
../Core/Src/stm32f7xx_it.c:157:6:DebugMon_Handler	4	static
../Core/Src/stm32f7xx_it.c:170:6:SysTick_Handler	8	static
../Core/Src/stm32f7xx_it.c:199:6:DMA1_Stream5_IRQHandler	8	static
../Core/Src/stm32f7xx_it.c:213:6:DMA1_Stream6_IRQHandler	8	static
../Core/Src/stm32f7xx_it.c:227:6:TIM1_BRK_TIM9_IRQHandler	8	static
../Core/Src/stm32f7xx_it.c:241:6:TIM1_UP_TIM10_IRQHandler	8	static
../Core/Src/stm32f7xx_it.c:255:6:TIM1_TRG_COM_TIM11_IRQHandler	8	static
../Core/Src/stm32f7xx_it.c:269:6:TIM1_CC_IRQHandler	8	static
../Core/Src/stm32f7xx_it.c:283:6:TIM2_IRQHandler	8	static
../Core/Src/stm32f7xx_it.c:297:6:TIM3_IRQHandler	8	static
../Core/Src/stm32f7xx_it.c:311:6:TIM4_IRQHandler	8	static
../Core/Src/stm32f7xx_it.c:325:6:USART2_IRQHandler	8	static
../Core/Src/stm32f7xx_it.c:339:6:USART3_IRQHandler	8	static
../Core/Src/stm32f7xx_it.c:353:6:TIM8_BRK_TIM12_IRQHandler	8	static
../Core/Src/stm32f7xx_it.c:368:6:TIM8_UP_TIM13_IRQHandler	8	static
../Core/Src/stm32f7xx_it.c:382:6:TIM8_TRG_COM_TIM14_IRQHandler	8	static
../Core/Src/stm32f7xx_it.c:396:6:TIM8_CC_IRQHandler	8	static
../Core/Src/stm32f7xx_it.c:410:6:TIM5_IRQHandler	8	static
../Core/Src/stm32f7xx_it.c:424:6:TIM6_DAC_IRQHandler	8	static
