Archive member included to satisfy reference by file (symbol)

C:/ST/STM32CubeIDE_1.18.0/STM32CubeIDE/plugins/com.st.stm32cube.ide.mcu.externaltools.gnu-tools-for-stm32.13.3.rel1.win32_1.0.0.202411081344/tools/bin/../lib/gcc/arm-none-eabi/13.3.1/../../../../arm-none-eabi/lib/thumb/v7e-m+dp/hard\libc_nano.a(libc_a-atoi.o)
                              ./Core/Src/modules.o (atoi)
C:/ST/STM32CubeIDE_1.18.0/STM32CubeIDE/plugins/com.st.stm32cube.ide.mcu.externaltools.gnu-tools-for-stm32.13.3.rel1.win32_1.0.0.202411081344/tools/bin/../lib/gcc/arm-none-eabi/13.3.1/../../../../arm-none-eabi/lib/thumb/v7e-m+dp/hard\libc_nano.a(libc_a-exit.o)
                              C:/ST/STM32CubeIDE_1.18.0/STM32CubeIDE/plugins/com.st.stm32cube.ide.mcu.externaltools.gnu-tools-for-stm32.13.3.rel1.win32_1.0.0.202411081344/tools/bin/../lib/gcc/arm-none-eabi/13.3.1/../../../../arm-none-eabi/lib/thumb/v7e-m+dp/hard/crt0.o (exit)
C:/ST/STM32CubeIDE_1.18.0/STM32CubeIDE/plugins/com.st.stm32cube.ide.mcu.externaltools.gnu-tools-for-stm32.13.3.rel1.win32_1.0.0.202411081344/tools/bin/../lib/gcc/arm-none-eabi/13.3.1/../../../../arm-none-eabi/lib/thumb/v7e-m+dp/hard\libc_nano.a(libc_a-malloc.o)
                              ./Middlewares/Third_Party/NimaLTD_Driver/ATC/atc.o (malloc)
C:/ST/STM32CubeIDE_1.18.0/STM32CubeIDE/plugins/com.st.stm32cube.ide.mcu.externaltools.gnu-tools-for-stm32.13.3.rel1.win32_1.0.0.202411081344/tools/bin/../lib/gcc/arm-none-eabi/13.3.1/../../../../arm-none-eabi/lib/thumb/v7e-m+dp/hard\libc_nano.a(libc_a-mallocr.o)
                              C:/ST/STM32CubeIDE_1.18.0/STM32CubeIDE/plugins/com.st.stm32cube.ide.mcu.externaltools.gnu-tools-for-stm32.13.3.rel1.win32_1.0.0.202411081344/tools/bin/../lib/gcc/arm-none-eabi/13.3.1/../../../../arm-none-eabi/lib/thumb/v7e-m+dp/hard\libc_nano.a(libc_a-malloc.o) (_malloc_r)
C:/ST/STM32CubeIDE_1.18.0/STM32CubeIDE/plugins/com.st.stm32cube.ide.mcu.externaltools.gnu-tools-for-stm32.13.3.rel1.win32_1.0.0.202411081344/tools/bin/../lib/gcc/arm-none-eabi/13.3.1/../../../../arm-none-eabi/lib/thumb/v7e-m+dp/hard\libc_nano.a(libc_a-mlock.o)
                              C:/ST/STM32CubeIDE_1.18.0/STM32CubeIDE/plugins/com.st.stm32cube.ide.mcu.externaltools.gnu-tools-for-stm32.13.3.rel1.win32_1.0.0.202411081344/tools/bin/../lib/gcc/arm-none-eabi/13.3.1/../../../../arm-none-eabi/lib/thumb/v7e-m+dp/hard\libc_nano.a(libc_a-mallocr.o) (__malloc_lock)
C:/ST/STM32CubeIDE_1.18.0/STM32CubeIDE/plugins/com.st.stm32cube.ide.mcu.externaltools.gnu-tools-for-stm32.13.3.rel1.win32_1.0.0.202411081344/tools/bin/../lib/gcc/arm-none-eabi/13.3.1/../../../../arm-none-eabi/lib/thumb/v7e-m+dp/hard\libc_nano.a(libc_a-strtol.o)
                              C:/ST/STM32CubeIDE_1.18.0/STM32CubeIDE/plugins/com.st.stm32cube.ide.mcu.externaltools.gnu-tools-for-stm32.13.3.rel1.win32_1.0.0.202411081344/tools/bin/../lib/gcc/arm-none-eabi/13.3.1/../../../../arm-none-eabi/lib/thumb/v7e-m+dp/hard\libc_nano.a(libc_a-atoi.o) (_strtol_r)
C:/ST/STM32CubeIDE_1.18.0/STM32CubeIDE/plugins/com.st.stm32cube.ide.mcu.externaltools.gnu-tools-for-stm32.13.3.rel1.win32_1.0.0.202411081344/tools/bin/../lib/gcc/arm-none-eabi/13.3.1/../../../../arm-none-eabi/lib/thumb/v7e-m+dp/hard\libc_nano.a(libc_a-ctype_.o)
                              C:/ST/STM32CubeIDE_1.18.0/STM32CubeIDE/plugins/com.st.stm32cube.ide.mcu.externaltools.gnu-tools-for-stm32.13.3.rel1.win32_1.0.0.202411081344/tools/bin/../lib/gcc/arm-none-eabi/13.3.1/../../../../arm-none-eabi/lib/thumb/v7e-m+dp/hard\libc_nano.a(libc_a-strtol.o) (_ctype_)
C:/ST/STM32CubeIDE_1.18.0/STM32CubeIDE/plugins/com.st.stm32cube.ide.mcu.externaltools.gnu-tools-for-stm32.13.3.rel1.win32_1.0.0.202411081344/tools/bin/../lib/gcc/arm-none-eabi/13.3.1/../../../../arm-none-eabi/lib/thumb/v7e-m+dp/hard\libc_nano.a(libc_a-findfp.o)
                              C:/ST/STM32CubeIDE_1.18.0/STM32CubeIDE/plugins/com.st.stm32cube.ide.mcu.externaltools.gnu-tools-for-stm32.13.3.rel1.win32_1.0.0.202411081344/tools/bin/../lib/gcc/arm-none-eabi/13.3.1/../../../../arm-none-eabi/lib/thumb/v7e-m+dp/hard\libc_nano.a(libc_a-exit.o) (__stdio_exit_handler)
C:/ST/STM32CubeIDE_1.18.0/STM32CubeIDE/plugins/com.st.stm32cube.ide.mcu.externaltools.gnu-tools-for-stm32.13.3.rel1.win32_1.0.0.202411081344/tools/bin/../lib/gcc/arm-none-eabi/13.3.1/../../../../arm-none-eabi/lib/thumb/v7e-m+dp/hard\libc_nano.a(libc_a-fwalk.o)
                              C:/ST/STM32CubeIDE_1.18.0/STM32CubeIDE/plugins/com.st.stm32cube.ide.mcu.externaltools.gnu-tools-for-stm32.13.3.rel1.win32_1.0.0.202411081344/tools/bin/../lib/gcc/arm-none-eabi/13.3.1/../../../../arm-none-eabi/lib/thumb/v7e-m+dp/hard\libc_nano.a(libc_a-findfp.o) (_fwalk_sglue)
C:/ST/STM32CubeIDE_1.18.0/STM32CubeIDE/plugins/com.st.stm32cube.ide.mcu.externaltools.gnu-tools-for-stm32.13.3.rel1.win32_1.0.0.202411081344/tools/bin/../lib/gcc/arm-none-eabi/13.3.1/../../../../arm-none-eabi/lib/thumb/v7e-m+dp/hard\libc_nano.a(libc_a-snprintf.o)
[...]
Memory Configuration

Name             Origin             Length             Attributes
RAM              0x20000000         0x00080000         xrw
FLASH            0x08000000         0x00200000         xr
*default*        0x00000000         0xffffffff

Linker script and memory map

LOAD C:/ST/STM32CubeIDE_1.18.0/STM32CubeIDE/plugins/com.st.stm32cube.ide.mcu.externaltools.gnu-tools-for-stm32.13.3.rel1.win32_1.0.0.202411081344/tools/bin/../lib/gcc/arm-none-eabi/13.3.1/thumb/v7e-m+dp/hard/crti.o
LOAD C:/ST/STM32CubeIDE_1.18.0/STM32CubeIDE/plugins/com.st.stm32cube.ide.mcu.externaltools.gnu-tools-for-stm32.13.3.rel1.win32_1.0.0.202411081344/tools/bin/../lib/gcc/arm-none-eabi/13.3.1/thumb/v7e-m+dp/hard/crtbegin.o
LOAD C:/ST/STM32CubeIDE_1.18.0/STM32CubeIDE/plugins/com.st.stm32cube.ide.mcu.externaltools.gnu-tools-for-stm32.13.3.rel1.win32_1.0.0.202411081344/tools/bin/../lib/gcc/arm-none-eabi/13.3.1/../../../../arm-none-eabi/lib/thumb/v7e-m+dp/hard/crt0.o
LOAD ./Core/Src/dma.o
LOAD ./Core/Src/gpio.o
LOAD ./Core/Src/main.o
LOAD ./Core/Src/modules.o
LOAD ./Core/Src/motor.o
LOAD ./Core/Src/pid.o
LOAD ./Core/Src/stm32f7xx_hal_msp.o
LOAD ./Core/Src/stm32f7xx_it.o
LOAD ./Core/Src/syscalls.o
LOAD ./Core/Src/sysmem.o
LOAD ./Core/Src/system_stm32f7xx.o
LOAD ./Core/Src/thread.o
LOAD ./Core/Src/tim.o
LOAD ./Core/Src/usart.o
LOAD ./Core/Src/usb_otg.o
LOAD ./Core/Src/wifi_api.o
LOAD ./Core/Startup/startup_stm32f767zitx.o
LOAD ./Drivers/STM32F7xx_HAL_Driver/Src/stm32f7xx_hal.o
LOAD ./Drivers/STM32F7xx_HAL_Driver/Src/stm32f7xx_hal_cortex.o
LOAD ./Drivers/STM32F7xx_HAL_Driver/Src/stm32f7xx_hal_dma.o
LOAD ./Drivers/STM32F7xx_HAL_Driver/Src/stm32f7xx_hal_dma_ex.o
LOAD ./Drivers/STM32F7xx_HAL_Driver/Src/stm32f7xx_hal_exti.o
LOAD ./Drivers/STM32F7xx_HAL_Driver/Src/stm32f7xx_hal_flash.o
LOAD ./Drivers/STM32F7xx_HAL_Driver/Src/stm32f7xx_hal_flash_ex.o
LOAD ./Drivers/STM32F7xx_HAL_Driver/Src/stm32f7xx_hal_gpio.o
LOAD ./Drivers/STM32F7xx_HAL_Driver/Src/stm32f7xx_hal_i2c.o
LOAD ./Drivers/STM32F7xx_HAL_Driver/Src/stm32f7xx_hal_i2c_ex.o
LOAD ./Drivers/STM32F7xx_HAL_Driver/Src/stm32f7xx_hal_pcd.o
LOAD ./Drivers/STM32F7xx_HAL_Driver/Src/stm32f7xx_hal_pcd_ex.o
LOAD ./Drivers/STM32F7xx_HAL_Driver/Src/stm32f7xx_hal_pwr.o
LOAD ./Drivers/STM32F7xx_HAL_Driver/Src/stm32f7xx_hal_pwr_ex.o
LOAD ./Drivers/STM32F7xx_HAL_Driver/Src/stm32f7xx_hal_rcc.o
LOAD ./Drivers/STM32F7xx_HAL_Driver/Src/stm32f7xx_hal_rcc_ex.o
LOAD ./Drivers/STM32F7xx_HAL_Driver/Src/stm32f7xx_hal_tim.o
LOAD ./Drivers/STM32F7xx_HAL_Driver/Src/stm32f7xx_hal_tim_ex.o
LOAD ./Drivers/STM32F7xx_HAL_Driver/Src/stm32f7xx_hal_uart.o
LOAD ./Drivers/STM32F7xx_HAL_Driver/Src/stm32f7xx_hal_uart_ex.o
LOAD ./Drivers/STM32F7xx_HAL_Driver/Src/stm32f7xx_ll_usb.o
LOAD ./Middlewares/Third_Party/NimaLTD_Driver/ATC/atc.o
START GROUP
LOAD C:/ST/STM32CubeIDE_1.18.0/STM32CubeIDE/plugins/com.st.stm32cube.ide.mcu.externaltools.gnu-tools-for-stm32.13.3.rel1.win32_1.0.0.202411081344/tools/bin/../lib/gcc/arm-none-eabi/13.3.1/../../../../arm-none-eabi/lib/thumb/v7e-m+dp/hard\libc_nano.a
LOAD C:/ST/STM32CubeIDE_1.18.0/STM32CubeIDE/plugins/com.st.stm32cube.ide.mcu.externaltools.gnu-tools-for-stm32.13.3.rel1.win32_1.0.0.202411081344/tools/bin/../lib/gcc/arm-none-eabi/13.3.1/../../../../arm-none-eabi/lib/thumb/v7e-m+dp/hard\libm.a
END GROUP
START GROUP
LOAD C:/ST/STM32CubeIDE_1.18.0/STM32CubeIDE/plugins/com.st.stm32cube.ide.mcu.externaltools.gnu-tools-for-stm32.13.3.rel1.win32_1.0.0.202411081344/tools/bin/../lib/gcc/arm-none-eabi/13.3.1/thumb/v7e-m+dp/hard\libgcc.a
LOAD C:/ST/STM32CubeIDE_1.18.0/STM32CubeIDE/plugins/com.st.stm32cube.ide.mcu.externaltools.gnu-tools-for-stm32.13.3.rel1.win32_1.0.0.202411081344/tools/bin/../lib/gcc/arm-none-eabi/13.3.1/../../../../arm-none-eabi/lib/thumb/v7e-m+dp/hard\libc_nano.a
END GROUP
START GROUP
LOAD C:/ST/STM32CubeIDE_1.18.0/STM32CubeIDE/plugins/com.st.stm32cube.ide.mcu.externaltools.gnu-tools-for-stm32.13.3.rel1.win32_1.0.0.202411081344/tools/bin/../lib/gcc/arm-none-eabi/13.3.1/thumb/v7e-m+dp/hard\libgcc.a
LOAD C:/ST/STM32CubeIDE_1.18.0/STM32CubeIDE/plugins/com.st.stm32cube.ide.mcu.externaltools.gnu-tools-for-stm32.13.3.rel1.win32_1.0.0.202411081344/tools/bin/../lib/gcc/arm-none-eabi/13.3.1/../../../../arm-none-eabi/lib/thumb/v7e-m+dp/hard\libc_nano.a
LOAD C:/ST/STM32CubeIDE_1.18.0/STM32CubeIDE/plugins/com.st.stm32cube.ide.mcu.externaltools.gnu-tools-for-stm32.13.3.rel1.win32_1.0.0.202411081344/tools/bin/../lib/gcc/arm-none-eabi/13.3.1/../../../../arm-none-eabi/lib/thumb/v7e-m+dp/hard\libnosys.a
END GROUP
START GROUP
LOAD C:/ST/STM32CubeIDE_1.18.0/STM32CubeIDE/plugins/com.st.stm32cube.ide.mcu.externaltools.gnu-tools-for-stm32.13.3.rel1.win32_1.0.0.202411081344/tools/bin/../lib/gcc/arm-none-eabi/13.3.1/thumb/v7e-m+dp/hard\libgcc.a
LOAD C:/ST/STM32CubeIDE_1.18.0/STM32CubeIDE/plugins/com.st.stm32cube.ide.mcu.externaltools.gnu-tools-for-stm32.13.3.rel1.win32_1.0.0.202411081344/tools/bin/../lib/gcc/arm-none-eabi/13.3.1/../../../../arm-none-eabi/lib/thumb/v7e-m+dp/hard\libc_nano.a
LOAD C:/ST/STM32CubeIDE_1.18.0/STM32CubeIDE/plugins/com.st.stm32cube.ide.mcu.externaltools.gnu-tools-for-stm32.13.3.rel1.win32_1.0.0.202411081344/tools/bin/../lib/gcc/arm-none-eabi/13.3.1/../../../../arm-none-eabi/lib/thumb/v7e-m+dp/hard\libnosys.a
END GROUP
LOAD C:/ST/STM32CubeIDE_1.18.0/STM32CubeIDE/plugins/com.st.stm32cube.ide.mcu.externaltools.gnu-tools-for-stm32.13.3.rel1.win32_1.0.0.202411081344/tools/bin/../lib/gcc/arm-none-eabi/13.3.1/thumb/v7e-m+dp/hard/crtend.o
LOAD C:/ST/STM32CubeIDE_1.18.0/STM32CubeIDE/plugins/com.st.stm32cube.ide.mcu.externaltools.gnu-tools-for-stm32.13.3.rel1.win32_1.0.0.202411081344/tools/bin/../lib/gcc/arm-none-eabi/13.3.1/thumb/v7e-m+dp/hard/crtn.o
                0x20080000                        _estack = (ORIGIN (RAM) + LENGTH (RAM))
                0x00000200                        _Min_Heap_Size = 0x200
                0x00000400                        _Min_Stack_Size = 0x400

.isr_vector     0x08000000      0x1f8
                0x08000000                        . = ALIGN (0x4)
 *(.isr_vector)
 .isr_vector    0x08000000      0x1f8 ./Core/Startup/startup_stm32f767zitx.o
                0x08000000                g_pfnVectors
                0x080001f8                        . = ALIGN (0x4)

.text           0x08000200     0x5e4c
                0x08000200                        . = ALIGN (0x4)
 *(.text)
 .text          0x08000200       0x40 C:/ST/STM32CubeIDE_1.18.0/STM32CubeIDE/plugins/com.st.stm32cube.ide.mcu.externaltools.gnu-tools-for-stm32.13.3.rel1.win32_1.0.0.202411081344/tools/bin/../lib/gcc/arm-none-eabi/13.3.1/thumb/v7e-m+dp/hard/crtbegin.o
 .text          0x08000240       0x14 C:/ST/STM32CubeIDE_1.18.0/STM32CubeIDE/plugins/com.st.stm32cube.ide.mcu.externaltools.gnu-tools-for-stm32.13.3.rel1.win32_1.0.0.202411081344/tools/bin/../lib/gcc/arm-none-eabi/13.3.1/../../../../arm-none-eabi/lib/thumb/v7e-m+dp/hard\libc_nano.a(libc_a-strcmp.o)
                0x08000240                strcmp
 .text          0x08000254       0x10 C:/ST/STM32CubeIDE_1.18.0/STM32CubeIDE/plugins/com.st.stm32cube.ide.mcu.externaltools.gnu-tools-for-stm32.13.3.rel1.win32_1.0.0.202411081344/tools/bin/../lib/gcc/arm-none-eabi/13.3.1/../../../../arm-none-eabi/lib/thumb/v7e-m+dp/hard\libc_nano.a(libc_a-strlen.o)
                0x08000254                strlen
 *fill*         0x08000264        0xc 
 .text          0x08000270       0xa0 C:/ST/STM32CubeIDE_1.18.0/STM32CubeIDE/plugins/com.st.stm32cube.ide.mcu.externaltools.gnu-tools-for-stm32.13.3.rel1.win32_1.0.0.202411081344/tools/bin/../lib/gcc/arm-none-eabi/13.3.1/../../../../arm-none-eabi/lib/thumb/v7e-m+dp/hard\libc_nano.a(libc_a-memchr.o)
                0x08000270                memchr
 .text          0x08000310       0x30 C:/ST/STM32CubeIDE_1.18.0/STM32CubeIDE/plugins/com.st.stm32cube.ide.mcu.externaltools.gnu-tools-for-stm32.13.3.rel1.win32_1.0.0.202411081344/tools/bin/../lib/gcc/arm-none-eabi/13.3.1/thumb/v7e-m+dp/hard\libgcc.a(_aeabi_uldivmod.o)
                0x08000310                __aeabi_uldivmod
 .text          0x08000340      0x2f8 C:/ST/STM32CubeIDE_1.18.0/STM32CubeIDE/plugins/com.st.stm32cube.ide.mcu.externaltools.gnu-tools-for-stm32.13.3.rel1.win32_1.0.0.202411081344/tools/bin/../lib/gcc/arm-none-eabi/13.3.1/thumb/v7e-m+dp/hard\libgcc.a(_udivmoddi4.o)
                0x08000340                __udivmoddi4
 .text          0x08000638        0x4 C:/ST/STM32CubeIDE_1.18.0/STM32CubeIDE/plugins/com.st.stm32cube.ide.mcu.externaltools.gnu-tools-for-stm32.13.3.rel1.win32_1.0.0.202411081344/tools/bin/../lib/gcc/arm-none-eabi/13.3.1/thumb/v7e-m+dp/hard\libgcc.a(_dvmd_tls.o)
                0x08000638                __aeabi_idiv0
                0x08000638                __aeabi_ldiv0
 *(.text*)
 .text.MX_DMA_Init
                0x0800063c       0x40 ./Core/Src/dma.o
                0x0800063c                MX_DMA_Init
 .text.MX_GPIO_Init
                0x0800067c      0x1cc ./Core/Src/gpio.o
                0x0800067c                MX_GPIO_Init
 .text.SystemClock_Config
                0x08000848       0xac ./Core/Src/main.o
                0x08000848                SystemClock_Config
 .text.startup.main
                0x080008f4       0x74 ./Core/Src/main.o
                0x080008f4                main
 .text.Error_Handler
                0x08000968        0x4 ./Core/Src/main.o
                0x08000968                Error_Handler
 .text.Set_PWM_Frequency
                0x0800096c       0x34 ./Core/Src/modules.o
                0x0800096c                Set_PWM_Frequency
 .text.Command_Engine
                0x080009a0       0xec ./Core/Src/modules.o
                0x080009a0                Command_Engine
 .text.Command_Lights
                0x08000a8c       0x28 ./Core/Src/modules.o
                0x08000a8c                Command_Lights
 .text.Command_Horn
                0x08000ab4       0x44 ./Core/Src/modules.o
                0x08000ab4                Command_Horn
 .text.Command_ABS
                0x08000af8       0x30 ./Core/Src/modules.o
                0x08000af8                Command_ABS
 .text.Command_Motors
                0x08000b28      0x14c ./Core/Src/modules.o
                0x08000b28                Command_Motors
 .text.ProcessCommand
                0x08000c74       0xa0 ./Core/Src/modules.o
                0x08000c74                ProcessCommand
 .text.HAL_GPIO_EXTI_Callback
                0x08000d14       0x50 ./Core/Src/modules.o
                0x08000d14                HAL_GPIO_EXTI_Callback
 .text.ResetMotor
                0x08000d64       0x56 ./Core/Src/motor.o
                0x08000d64                ResetMotor
 .text.motor_update_count
                0x08000dba       0x10 ./Core/Src/motor.o
                0x08000dba                motor_update_count
 .text.motor_set_speed
                0x08000dca       0x1a ./Core/Src/motor.o
                0x08000dca                motor_set_speed
 .text.SetMotorSpeed
                0x08000de4       0xf0 ./Core/Src/motor.o
                0x08000de4                SetMotorSpeed
 .text.motor_calculate_speed
                0x08000ed4       0x42 ./Core/Src/motor.o
                0x08000ed4                motor_calculate_speed
 *fill*         0x08000f16        0x2 
 .text.Init_MotorSystem
                0x08000f18       0xa0 ./Core/Src/motor.o
                0x08000f18                Init_MotorSystem
 .text.HAL_TIM_PeriodElapsedCallback
                0x08000fb8       0x58 ./Core/Src/motor.o
                0x08000fb8                HAL_TIM_PeriodElapsedCallback
 .text.pid_init
                0x08001010       0x16 ./Core/Src/pid.o
                0x08001010                pid_init
 .text.pid_reset
                0x08001026        0x8 ./Core/Src/pid.o
                0x08001026                pid_reset
 .text.pid_calculate
                0x0800102e       0x7a ./Core/Src/pid.o
                0x0800102e                pid_calculate
 .text.HAL_MspInit
                0x080010a8       0x30 ./Core/Src/stm32f7xx_hal_msp.o
                0x080010a8                HAL_MspInit
 .text.NMI_Handler
                0x080010d8        0x2 ./Core/Src/stm32f7xx_it.o
                0x080010d8                NMI_Handler
 .text.HardFault_Handler
                0x080010da        0x2 ./Core/Src/stm32f7xx_it.o
                0x080010da                HardFault_Handler
 .text.MemManage_Handler
                0x080010dc        0x2 ./Core/Src/stm32f7xx_it.o
                0x080010dc                MemManage_Handler
 .text.BusFault_Handler
                0x080010de        0x2 ./Core/Src/stm32f7xx_it.o
                0x080010de                BusFault_Handler
 .text.UsageFault_Handler
                0x080010e0        0x2 ./Core/Src/stm32f7xx_it.o
                0x080010e0                UsageFault_Handler
 .text.SVC_Handler
                0x080010e2        0x2 ./Core/Src/stm32f7xx_it.o
                0x080010e2                SVC_Handler
 .text.DebugMon_Handler
                0x080010e4        0x2 ./Core/Src/stm32f7xx_it.o
                0x080010e4                DebugMon_Handler
 .text.PendSV_Handler
                0x080010e6        0x2 ./Core/Src/stm32f7xx_it.o
                0x080010e6                PendSV_Handler
 .text.SysTick_Handler
                0x080010e8        0x4 ./Core/Src/stm32f7xx_it.o
                0x080010e8                SysTick_Handler
 .text.DMA1_Stream5_IRQHandler
                0x080010ec        0xc ./Core/Src/stm32f7xx_it.o
                0x080010ec                DMA1_Stream5_IRQHandler
 .text.DMA1_Stream6_IRQHandler
                0x080010f8        0xc ./Core/Src/stm32f7xx_it.o
                0x080010f8                DMA1_Stream6_IRQHandler
 .text.TIM1_BRK_TIM9_IRQHandler
                0x08001104       0x1c ./Core/Src/stm32f7xx_it.o
                0x08001104                TIM1_BRK_TIM9_IRQHandler
 .text.TIM1_UP_TIM10_IRQHandler
                0x08001120        0xc ./Core/Src/stm32f7xx_it.o
                0x08001120                TIM1_UP_TIM10_IRQHandler
 .text.TIM1_TRG_COM_TIM11_IRQHandler
                0x0800112c        0x4 ./Core/Src/stm32f7xx_it.o
                0x0800112c                TIM1_TRG_COM_TIM11_IRQHandler
 .text.TIM1_CC_IRQHandler
                0x08001130        0x4 ./Core/Src/stm32f7xx_it.o
                0x08001130                TIM1_CC_IRQHandler
 .text.TIM2_IRQHandler
                0x08001134        0xc ./Core/Src/stm32f7xx_it.o
                0x08001134                TIM2_IRQHandler
 .text.TIM3_IRQHandler
                0x08001140        0xc ./Core/Src/stm32f7xx_it.o
                0x08001140                TIM3_IRQHandler
 .text.TIM4_IRQHandler
                0x0800114c        0xc ./Core/Src/stm32f7xx_it.o
                0x0800114c                TIM4_IRQHandler
 .text.USART2_IRQHandler
                0x08001158        0xc ./Core/Src/stm32f7xx_it.o
                0x08001158                USART2_IRQHandler
 .text.USART3_IRQHandler
                0x08001164        0xc ./Core/Src/stm32f7xx_it.o
                0x08001164                USART3_IRQHandler
 .text.EXTI15_10_IRQHandler
                0x08001170        0x8 ./Core/Src/stm32f7xx_it.o
                0x08001170                EXTI15_10_IRQHandler
 .text.TIM8_BRK_TIM12_IRQHandler
                0x08001178       0x1c ./Core/Src/stm32f7xx_it.o
                0x08001178                TIM8_BRK_TIM12_IRQHandler
 .text.TIM8_UP_TIM13_IRQHandler
                0x08001194        0xc ./Core/Src/stm32f7xx_it.o
                0x08001194                TIM8_UP_TIM13_IRQHandler
 .text.TIM8_TRG_COM_TIM14_IRQHandler
                0x080011a0        0x4 ./Core/Src/stm32f7xx_it.o
                0x080011a0                TIM8_TRG_COM_TIM14_IRQHandler
 .text.TIM8_CC_IRQHandler
                0x080011a4        0x4 ./Core/Src/stm32f7xx_it.o
                0x080011a4                TIM8_CC_IRQHandler
 .text.TIM5_IRQHandler
                0x080011a8        0xc ./Core/Src/stm32f7xx_it.o
                0x080011a8                TIM5_IRQHandler
 .text.TIM6_DAC_IRQHandler
                0x080011b4        0xc ./Core/Src/stm32f7xx_it.o
                0x080011b4                TIM6_DAC_IRQHandler
 .text._sbrk    0x080011c0       0x40 ./Core/Src/sysmem.o
                0x080011c0                _sbrk
 .text.SystemInit
                0x08001200       0x14 ./Core/Src/system_stm32f7xx.o
                0x08001200                SystemInit
 .text.StartMultiThreads
                0x08001214       0x48 ./Core/Src/thread.o
                0x08001214                StartMultiThreads
 .text.ProcessMultiThreads
                0x0800125c      0x1f8 ./Core/Src/thread.o
                0x0800125c                ProcessMultiThreads
 .text.MX_TIM1_Init
                0x08001454       0x6c ./Core/Src/tim.o
                0x08001454                MX_TIM1_Init
 .text.MX_TIM3_Init
                0x080014c0       0x68 ./Core/Src/tim.o
                0x080014c0                MX_TIM3_Init
 .text.MX_TIM4_Init
                0x08001528       0x68 ./Core/Src/tim.o
                0x08001528                MX_TIM4_Init
 .text.MX_TIM6_Init
                0x08001590       0x48 ./Core/Src/tim.o
                0x08001590                MX_TIM6_Init
 .text.MX_TIM8_Init
                0x080015d8       0x6c ./Core/Src/tim.o
                0x080015d8                MX_TIM8_Init
 .text.MX_TIM9_Init
                0x08001644       0x84 ./Core/Src/tim.o
                0x08001644                MX_TIM9_Init
 .text.HAL_TIM_Encoder_MspInit
                0x080016c8      0x200 ./Core/Src/tim.o
                0x080016c8                HAL_TIM_Encoder_MspInit
 .text.HAL_TIM_PWM_MspInit
                0x080018c8       0x98 ./Core/Src/tim.o
                0x080018c8                HAL_TIM_PWM_MspInit
 .text.HAL_TIM_Base_MspInit
                0x08001960       0xa0 ./Core/Src/tim.o
                0x08001960                HAL_TIM_Base_MspInit
 .text.HAL_TIM_MspPostInit
                0x08001a00       0xdc ./Core/Src/tim.o
                0x08001a00                HAL_TIM_MspPostInit
 .text.MX_TIM2_Init
                0x08001adc       0x84 ./Core/Src/tim.o
                0x08001adc                MX_TIM2_Init
 .text.MX_TIM5_Init
                0x08001b60       0x88 ./Core/Src/tim.o
                0x08001b60                MX_TIM5_Init
 .text.MX_TIM12_Init
                0x08001be8       0x60 ./Core/Src/tim.o
                0x08001be8                MX_TIM12_Init
 .text.MX_USART2_UART_Init
                0x08001c48       0x3c ./Core/Src/usart.o
                0x08001c48                MX_USART2_UART_Init
 .text.MX_USART3_UART_Init
                0x08001c84       0x3c ./Core/Src/usart.o
                0x08001c84                MX_USART3_UART_Init
 .text.HAL_UART_MspInit
                0x08001cc0      0x17c ./Core/Src/usart.o
                0x08001cc0                HAL_UART_MspInit
 .text.MX_USB_OTG_FS_PCD_Init
                0x08001e3c       0x38 ./Core/Src/usb_otg.o
                0x08001e3c                MX_USB_OTG_FS_PCD_Init
 .text.HAL_PCD_MspInit
                0x08001e74       0xa8 ./Core/Src/usb_otg.o
                0x08001e74                HAL_PCD_MspInit
 .text.uart2_try_read
                0x08001f1c       0x44 ./Core/Src/wifi_api.o
 .text.cmd_is_motor
                0x08001f60       0x24 ./Core/Src/wifi_api.o
 .text.esp_send
                0x08001f84       0x24 ./Core/Src/wifi_api.o
 .text.rx_trim_to_tail
                0x08001fa8       0x2c ./Core/Src/wifi_api.o
 .text.rx_push_byte
                0x08001fd4       0x34 ./Core/Src/wifi_api.o
 .text.now_us   0x08002008       0x30 ./Core/Src/wifi_api.o
 .text.wait_for_string
                0x08002038       0x5c ./Core/Src/wifi_api.o
 .text.esp_send_raw
                0x08002094       0x68 ./Core/Src/wifi_api.o
 .text.send_http
                0x080020fc       0x7c ./Core/Src/wifi_api.o
 .text.send_json_state
                0x08002178       0x8c ./Core/Src/wifi_api.o
 .text.handle_request.constprop.0
                0x08002204      0x3c0 ./Core/Src/wifi_api.o
 .text.process_rx_buffer
                0x080025c4      0x128 ./Core/Src/wifi_api.o
 .text.WifiApi_Init
                0x080026ec      0x110 ./Core/Src/wifi_api.o
                0x080026ec                WifiApi_Init
 .text.WifiApi_Process
                0x080027fc       0x3c ./Core/Src/wifi_api.o
                0x080027fc                WifiApi_Process
 .text.WifiApi_PollCommands
                0x08002838       0x44 ./Core/Src/wifi_api.o
                0x08002838                WifiApi_PollCommands
 .text.Reset_Handler
                0x0800287c       0x50 ./Core/Startup/startup_stm32f767zitx.o
                0x0800287c                Reset_Handler
 .text.Default_Handler
                0x080028cc        0x2 ./Core/Startup/startup_stm32f767zitx.o
                0x080028cc                RTC_Alarm_IRQHandler
                0x080028cc                EXTI2_IRQHandler
                0x080028cc                UART8_IRQHandler
                0x080028cc                SPI4_IRQHandler
                0x080028cc                DMA2_Stream5_IRQHandler
                0x080028cc                JPEG_IRQHandler
                0x080028cc                CAN3_RX1_IRQHandler
                0x080028cc                PVD_IRQHandler
                0x080028cc                TAMP_STAMP_IRQHandler
                0x080028cc                CAN2_RX1_IRQHandler
                0x080028cc                EXTI3_IRQHandler
                0x080028cc                DFSDM1_FLT1_IRQHandler
                0x080028cc                I2C3_ER_IRQHandler
                0x080028cc                DFSDM1_FLT2_IRQHandler
                0x080028cc                EXTI0_IRQHandler
                0x080028cc                I2C2_EV_IRQHandler
                0x080028cc                DMA1_Stream2_IRQHandler
                0x080028cc                CAN1_RX0_IRQHandler
                0x080028cc                FPU_IRQHandler
                0x080028cc                OTG_HS_WKUP_IRQHandler
                0x080028cc                CAN3_SCE_IRQHandler
                0x080028cc                LTDC_ER_IRQHandler
                0x080028cc                CAN2_SCE_IRQHandler
                0x080028cc                DMA2_Stream2_IRQHandler
                0x080028cc                SPI1_IRQHandler
                0x080028cc                DCMI_IRQHandler
                0x080028cc                CAN2_RX0_IRQHandler
                0x080028cc                DMA2_Stream3_IRQHandler
                0x080028cc                SAI2_IRQHandler
                0x080028cc                DFSDM1_FLT3_IRQHandler
                0x080028cc                USART6_IRQHandler
                0x080028cc                CAN3_RX0_IRQHandler
                0x080028cc                CAN1_RX1_IRQHandler
                0x080028cc                UART5_IRQHandler
                0x080028cc                DMA2_Stream0_IRQHandler
                0x080028cc                QUADSPI_IRQHandler
                0x080028cc                I2C1_EV_IRQHandler
                0x080028cc                DMA1_Stream1_IRQHandler
                0x080028cc                UART4_IRQHandler
                0x080028cc                RCC_IRQHandler
                0x080028cc                Default_Handler
                0x080028cc                CEC_IRQHandler
                0x080028cc                ADC_IRQHandler
                0x080028cc                DMA1_Stream7_IRQHandler
                0x080028cc                SPI5_IRQHandler
                0x080028cc                TIM7_IRQHandler
                0x080028cc                SDMMC1_IRQHandler
                0x080028cc                CAN2_TX_IRQHandler
                0x080028cc                DMA2_Stream7_IRQHandler
                0x080028cc                I2C3_EV_IRQHandler
                0x080028cc                EXTI9_5_IRQHandler
                0x080028cc                RTC_WKUP_IRQHandler
                0x080028cc                LTDC_IRQHandler
                0x080028cc                ETH_WKUP_IRQHandler
                0x080028cc                SPDIF_RX_IRQHandler
                0x080028cc                SPI2_IRQHandler
                0x080028cc                OTG_HS_EP1_IN_IRQHandler
                0x080028cc                DMA1_Stream0_IRQHandler
                0x080028cc                CAN1_TX_IRQHandler
                0x080028cc                EXTI4_IRQHandler
                0x080028cc                RNG_IRQHandler
                0x080028cc                ETH_IRQHandler
                0x080028cc                OTG_HS_EP1_OUT_IRQHandler
                0x080028cc                WWDG_IRQHandler
                0x080028cc                SPI6_IRQHandler
                0x080028cc                MDIOS_IRQHandler
                0x080028cc                I2C4_EV_IRQHandler
                0x080028cc                CAN3_TX_IRQHandler
                0x080028cc                OTG_FS_WKUP_IRQHandler
                0x080028cc                OTG_HS_IRQHandler
                0x080028cc                DMA2D_IRQHandler
                0x080028cc                EXTI1_IRQHandler
                0x080028cc                SDMMC2_IRQHandler
                0x080028cc                UART7_IRQHandler
                0x080028cc                DFSDM1_FLT0_IRQHandler
                0x080028cc                I2C2_ER_IRQHandler
                0x080028cc                DMA2_Stream1_IRQHandler
                0x080028cc                CAN1_SCE_IRQHandler
                0x080028cc                FLASH_IRQHandler
                0x080028cc                DMA2_Stream4_IRQHandler
                0x080028cc                USART1_IRQHandler
                0x080028cc                OTG_FS_IRQHandler
                0x080028cc                SPI3_IRQHandler
                0x080028cc                DMA1_Stream4_IRQHandler
                0x080028cc                I2C1_ER_IRQHandler
                0x080028cc                FMC_IRQHandler
                0x080028cc                LPTIM1_IRQHandler
                0x080028cc                I2C4_ER_IRQHandler
                0x080028cc                DMA2_Stream6_IRQHandler
                0x080028cc                SAI1_IRQHandler
                0x080028cc                DMA1_Stream3_IRQHandler
 *fill*         0x080028ce        0x2 
 .text.HAL_InitTick
                0x080028d0       0x48 ./Drivers/STM32F7xx_HAL_Driver/Src/stm32f7xx_hal.o
                0x080028d0                HAL_InitTick
 .text.HAL_Init
                0x08002918       0x16 ./Drivers/STM32F7xx_HAL_Driver/Src/stm32f7xx_hal.o
                0x08002918                HAL_Init
 *fill*         0x0800292e        0x2 
 .text.HAL_IncTick
                0x08002930       0x18 ./Drivers/STM32F7xx_HAL_Driver/Src/stm32f7xx_hal.o
                0x08002930                HAL_IncTick
 .text.HAL_GetTick
                0x08002948        0xc ./Drivers/STM32F7xx_HAL_Driver/Src/stm32f7xx_hal.o
                0x08002948                HAL_GetTick
 .text.HAL_Delay
                0x08002954       0x24 ./Drivers/STM32F7xx_HAL_Driver/Src/stm32f7xx_hal.o
                0x08002954                HAL_Delay
 .text.HAL_NVIC_SetPriorityGrouping
                0x08002978       0x24 ./Drivers/STM32F7xx_HAL_Driver/Src/stm32f7xx_hal_cortex.o
                0x08002978                HAL_NVIC_SetPriorityGrouping
 .text.HAL_NVIC_SetPriority
                0x0800299c       0x64 ./Drivers/STM32F7xx_HAL_Driver/Src/stm32f7xx_hal_cortex.o
                0x0800299c                HAL_NVIC_SetPriority
 .text.HAL_NVIC_EnableIRQ
                0x08002a00       0x1c ./Drivers/STM32F7xx_HAL_Driver/Src/stm32f7xx_hal_cortex.o
                0x08002a00                HAL_NVIC_EnableIRQ
 .text.HAL_SYSTICK_Config
                0x08002a1c       0x28 ./Drivers/STM32F7xx_HAL_Driver/Src/stm32f7xx_hal_cortex.o
                0x08002a1c                HAL_SYSTICK_Config
 .text.DMA_CalcBaseAndBitshift
                0x08002a44       0x2c ./Drivers/STM32F7xx_HAL_Driver/Src/stm32f7xx_hal_dma.o
 .text.HAL_DMA_Init
                0x08002a70       0xfc ./Drivers/STM32F7xx_HAL_Driver/Src/stm32f7xx_hal_dma.o
                0x08002a70                HAL_DMA_Init
 .text.HAL_DMA_Abort
                0x08002b6c       0x7c ./Drivers/STM32F7xx_HAL_Driver/Src/stm32f7xx_hal_dma.o
                0x08002b6c                HAL_DMA_Abort
 .text.HAL_DMA_Abort_IT
                0x08002be8       0x24 ./Drivers/STM32F7xx_HAL_Driver/Src/stm32f7xx_hal_dma.o
                0x08002be8                HAL_DMA_Abort_IT
 .text.HAL_DMA_IRQHandler
                0x08002c0c      0x17c ./Drivers/STM32F7xx_HAL_Driver/Src/stm32f7xx_hal_dma.o
                0x08002c0c                HAL_DMA_IRQHandler
 .text.HAL_GPIO_Init
                0x08002d88      0x1c8 ./Drivers/STM32F7xx_HAL_Driver/Src/stm32f7xx_hal_gpio.o
                0x08002d88                HAL_GPIO_Init
 .text.HAL_GPIO_ReadPin
                0x08002f50        0xc ./Drivers/STM32F7xx_HAL_Driver/Src/stm32f7xx_hal_gpio.o
                0x08002f50                HAL_GPIO_ReadPin
 .text.HAL_GPIO_WritePin
                0x08002f5c        0xa ./Drivers/STM32F7xx_HAL_Driver/Src/stm32f7xx_hal_gpio.o
                0x08002f5c                HAL_GPIO_WritePin
 .text.HAL_GPIO_TogglePin
                0x08002f66       0x12 ./Drivers/STM32F7xx_HAL_Driver/Src/stm32f7xx_hal_gpio.o
                0x08002f66                HAL_GPIO_TogglePin
 .text.HAL_GPIO_EXTI_IRQHandler
                0x08002f78       0x18 ./Drivers/STM32F7xx_HAL_Driver/Src/stm32f7xx_hal_gpio.o
                0x08002f78                HAL_GPIO_EXTI_IRQHandler
 .text.HAL_PCD_Init
                0x08002f90       0xe8 ./Drivers/STM32F7xx_HAL_Driver/Src/stm32f7xx_hal_pcd.o
                0x08002f90                HAL_PCD_Init
 .text.HAL_PCDEx_ActivateLPM
                0x08003078       0x26 ./Drivers/STM32F7xx_HAL_Driver/Src/stm32f7xx_hal_pcd_ex.o
                0x08003078                HAL_PCDEx_ActivateLPM
 *fill*         0x0800309e        0x2 
 .text.HAL_PWR_EnableBkUpAccess
                0x080030a0       0x10 ./Drivers/STM32F7xx_HAL_Driver/Src/stm32f7xx_hal_pwr.o
                0x080030a0                HAL_PWR_EnableBkUpAccess
 .text.HAL_PWREx_EnableOverDrive
                0x080030b0       0x70 ./Drivers/STM32F7xx_HAL_Driver/Src/stm32f7xx_hal_pwr_ex.o
                0x080030b0                HAL_PWREx_EnableOverDrive
 .text.HAL_RCC_OscConfig
                0x08003120      0x388 ./Drivers/STM32F7xx_HAL_Driver/Src/stm32f7xx_hal_rcc.o
                0x08003120                HAL_RCC_OscConfig
 .text.HAL_RCC_GetSysClockFreq
                0x080034a8       0x5c ./Drivers/STM32F7xx_HAL_Driver/Src/stm32f7xx_hal_rcc.o
                0x080034a8                HAL_RCC_GetSysClockFreq
 .text.HAL_RCC_ClockConfig
                0x08003504      0x13c ./Drivers/STM32F7xx_HAL_Driver/Src/stm32f7xx_hal_rcc.o
                0x08003504                HAL_RCC_ClockConfig
 .text.HAL_RCC_GetPCLK1Freq
                0x08003640       0x20 ./Drivers/STM32F7xx_HAL_Driver/Src/stm32f7xx_hal_rcc.o
                0x08003640                HAL_RCC_GetPCLK1Freq
 .text.HAL_RCC_GetPCLK2Freq
                0x08003660       0x20 ./Drivers/STM32F7xx_HAL_Driver/Src/stm32f7xx_hal_rcc.o
                0x08003660                HAL_RCC_GetPCLK2Freq
 .text.HAL_RCCEx_PeriphCLKConfig
                0x08003680      0x55c ./Drivers/STM32F7xx_HAL_Driver/Src/stm32f7xx_hal_rcc_ex.o
                0x08003680                HAL_RCCEx_PeriphCLKConfig
 .text.TIM_OC1_SetConfig
                0x08003bdc       0x5c ./Drivers/STM32F7xx_HAL_Driver/Src/stm32f7xx_hal_tim.o
 .text.TIM_OC3_SetConfig
                0x08003c38       0x60 ./Drivers/STM32F7xx_HAL_Driver/Src/stm32f7xx_hal_tim.o
 .text.TIM_OC4_SetConfig
                0x08003c98       0x50 ./Drivers/STM32F7xx_HAL_Driver/Src/stm32f7xx_hal_tim.o
 .text.TIM_OC5_SetConfig
                0x08003ce8       0x50 ./Drivers/STM32F7xx_HAL_Driver/Src/stm32f7xx_hal_tim.o
 .text.TIM_OC6_SetConfig
                0x08003d38       0x50 ./Drivers/STM32F7xx_HAL_Driver/Src/stm32f7xx_hal_tim.o
 .text.HAL_TIM_Base_Start
                0x08003d88       0x74 ./Drivers/STM32F7xx_HAL_Driver/Src/stm32f7xx_hal_tim.o
                0x08003d88                HAL_TIM_Base_Start
 .text.HAL_TIM_Base_Start_IT
                0x08003dfc       0x7c ./Drivers/STM32F7xx_HAL_Driver/Src/stm32f7xx_hal_tim.o
                0x08003dfc                HAL_TIM_Base_Start_IT
 .text.HAL_TIM_Base_Stop_IT
                0x08003e78       0x30 ./Drivers/STM32F7xx_HAL_Driver/Src/stm32f7xx_hal_tim.o
                0x08003e78                HAL_TIM_Base_Stop_IT
 .text.HAL_TIM_IC_MspInit
                0x08003ea8        0x2 ./Drivers/STM32F7xx_HAL_Driver/Src/stm32f7xx_hal_tim.o
                0x08003ea8                HAL_TIM_IC_MspInit
 .text.HAL_TIM_Encoder_Start
                0x08003eaa       0xb2 ./Drivers/STM32F7xx_HAL_Driver/Src/stm32f7xx_hal_tim.o
                0x08003eaa                HAL_TIM_Encoder_Start
 .text.HAL_TIM_Encoder_Stop
                0x08003f5c       0x72 ./Drivers/STM32F7xx_HAL_Driver/Src/stm32f7xx_hal_tim.o
                0x08003f5c                HAL_TIM_Encoder_Stop
 .text.HAL_TIM_OC_DelayElapsedCallback
                0x08003fce        0x2 ./Drivers/STM32F7xx_HAL_Driver/Src/stm32f7xx_hal_tim.o
                0x08003fce                HAL_TIM_OC_DelayElapsedCallback
 .text.HAL_TIM_IC_CaptureCallback
                0x08003fd0        0x2 ./Drivers/STM32F7xx_HAL_Driver/Src/stm32f7xx_hal_tim.o
                0x08003fd0                HAL_TIM_IC_CaptureCallback
 .text.HAL_TIM_PWM_PulseFinishedCallback
                0x08003fd2        0x2 ./Drivers/STM32F7xx_HAL_Driver/Src/stm32f7xx_hal_tim.o
                0x08003fd2                HAL_TIM_PWM_PulseFinishedCallback
 .text.HAL_TIM_TriggerCallback
                0x08003fd4        0x2 ./Drivers/STM32F7xx_HAL_Driver/Src/stm32f7xx_hal_tim.o
                0x08003fd4                HAL_TIM_TriggerCallback
 .text.HAL_TIM_IRQHandler
                0x08003fd6      0x140 ./Drivers/STM32F7xx_HAL_Driver/Src/stm32f7xx_hal_tim.o
                0x08003fd6                HAL_TIM_IRQHandler
 *fill*         0x08004116        0x2 
 .text.TIM_Base_SetConfig
                0x08004118       0xb0 ./Drivers/STM32F7xx_HAL_Driver/Src/stm32f7xx_hal_tim.o
                0x08004118                TIM_Base_SetConfig
 .text.HAL_TIM_Base_Init
                0x080041c8       0x60 ./Drivers/STM32F7xx_HAL_Driver/Src/stm32f7xx_hal_tim.o
                0x080041c8                HAL_TIM_Base_Init
 .text.HAL_TIM_PWM_Init
                0x08004228       0x60 ./Drivers/STM32F7xx_HAL_Driver/Src/stm32f7xx_hal_tim.o
                0x08004228                HAL_TIM_PWM_Init
 .text.HAL_TIM_IC_Init
                0x08004288       0x60 ./Drivers/STM32F7xx_HAL_Driver/Src/stm32f7xx_hal_tim.o
                0x08004288                HAL_TIM_IC_Init
 .text.HAL_TIM_Encoder_Init
                0x080042e8       0xa8 ./Drivers/STM32F7xx_HAL_Driver/Src/stm32f7xx_hal_tim.o
                0x080042e8                HAL_TIM_Encoder_Init
 .text.TIM_OC2_SetConfig
                0x08004390       0x64 ./Drivers/STM32F7xx_HAL_Driver/Src/stm32f7xx_hal_tim.o
                0x08004390                TIM_OC2_SetConfig
 .text.HAL_TIM_PWM_ConfigChannel
                0x080043f4       0xf8 ./Drivers/STM32F7xx_HAL_Driver/Src/stm32f7xx_hal_tim.o
                0x080043f4                HAL_TIM_PWM_ConfigChannel
 .text.TIM_TI1_SetConfig
                0x080044ec       0x70 ./Drivers/STM32F7xx_HAL_Driver/Src/stm32f7xx_hal_tim.o
                0x080044ec                TIM_TI1_SetConfig
 .text.HAL_TIM_IC_ConfigChannel
                0x0800455c      0x118 ./Drivers/STM32F7xx_HAL_Driver/Src/stm32f7xx_hal_tim.o
                0x0800455c                HAL_TIM_IC_ConfigChannel
 .text.TIM_ETR_SetConfig
                0x08004674       0x14 ./Drivers/STM32F7xx_HAL_Driver/Src/stm32f7xx_hal_tim.o
                0x08004674                TIM_ETR_SetConfig
 .text.HAL_TIM_ConfigClockSource
                0x08004688      0x130 ./Drivers/STM32F7xx_HAL_Driver/Src/stm32f7xx_hal_tim.o
                0x08004688                HAL_TIM_ConfigClockSource
 .text.TIM_CCxChannelCmd
                0x080047b8       0x1c ./Drivers/STM32F7xx_HAL_Driver/Src/stm32f7xx_hal_tim.o
                0x080047b8                TIM_CCxChannelCmd
 .text.HAL_TIM_OC_Start
                0x080047d4      0x100 ./Drivers/STM32F7xx_HAL_Driver/Src/stm32f7xx_hal_tim.o
                0x080047d4                HAL_TIM_OC_Start
 .text.HAL_TIM_PWM_Start
                0x080048d4        0x4 ./Drivers/STM32F7xx_HAL_Driver/Src/stm32f7xx_hal_tim.o
                0x080048d4                HAL_TIM_PWM_Start
 .text.HAL_TIM_OC_Stop
                0x080048d8       0x98 ./Drivers/STM32F7xx_HAL_Driver/Src/stm32f7xx_hal_tim.o
                0x080048d8                HAL_TIM_OC_Stop
 .text.HAL_TIM_PWM_Stop
                0x08004970        0x4 ./Drivers/STM32F7xx_HAL_Driver/Src/stm32f7xx_hal_tim.o
                0x08004970                HAL_TIM_PWM_Stop
 .text.HAL_TIMEx_MasterConfigSynchronization
                0x08004974       0x94 ./Drivers/STM32F7xx_HAL_Driver/Src/stm32f7xx_hal_tim_ex.o
                0x08004974                HAL_TIMEx_MasterConfigSynchronization
 .text.HAL_TIMEx_CommutCallback
                0x08004a08        0x2 ./Drivers/STM32F7xx_HAL_Driver/Src/stm32f7xx_hal_tim_ex.o
                0x08004a08                HAL_TIMEx_CommutCallback
 .text.HAL_TIMEx_BreakCallback
                0x08004a0a        0x2 ./Drivers/STM32F7xx_HAL_Driver/Src/stm32f7xx_hal_tim_ex.o
                0x08004a0a                HAL_TIMEx_BreakCallback
 .text.HAL_TIMEx_Break2Callback
                0x08004a0c        0x2 ./Drivers/STM32F7xx_HAL_Driver/Src/stm32f7xx_hal_tim_ex.o
                0x08004a0c                HAL_TIMEx_Break2Callback
 .text.UART_EndRxTransfer
                0x08004a0e       0x50 ./Drivers/STM32F7xx_HAL_Driver/Src/stm32f7xx_hal_uart.o
 .text.HAL_UART_TxCpltCallback
                0x08004a5e        0x2 ./Drivers/STM32F7xx_HAL_Driver/Src/stm32f7xx_hal_uart.o
                0x08004a5e                HAL_UART_TxCpltCallback
 .text.HAL_UART_ErrorCallback
                0x08004a60        0x2 ./Drivers/STM32F7xx_HAL_Driver/Src/stm32f7xx_hal_uart.o
                0x08004a60                HAL_UART_ErrorCallback
 .text.UART_DMAAbortOnError
                0x08004a62       0x14 ./Drivers/STM32F7xx_HAL_Driver/Src/stm32f7xx_hal_uart.o
 .text.HAL_UARTEx_RxEventCallback
                0x08004a76        0x2 ./Drivers/STM32F7xx_HAL_Driver/Src/stm32f7xx_hal_uart.o
                0x08004a76                HAL_UARTEx_RxEventCallback
 .text.HAL_UARTEx_WakeupCallback
                0x08004a78        0x2 ./Drivers/STM32F7xx_HAL_Driver/Src/stm32f7xx_hal_uart.o
                0x08004a78                HAL_UARTEx_WakeupCallback
 *fill*         0x08004a7a        0x2 
 .text.HAL_UART_IRQHandler
                0x08004a7c      0x2a0 ./Drivers/STM32F7xx_HAL_Driver/Src/stm32f7xx_hal_uart.o
                0x08004a7c                HAL_UART_IRQHandler
 .text.UART_SetConfig
                0x08004d1c      0x1fc ./Drivers/STM32F7xx_HAL_Driver/Src/stm32f7xx_hal_uart.o
                0x08004d1c                UART_SetConfig
 .text.UART_AdvFeatureConfig
                0x08004f18       0xaa ./Drivers/STM32F7xx_HAL_Driver/Src/stm32f7xx_hal_uart.o
                0x08004f18                UART_AdvFeatureConfig
 .text.UART_WaitOnFlagUntilTimeout
                0x08004fc2       0x90 ./Drivers/STM32F7xx_HAL_Driver/Src/stm32f7xx_hal_uart.o
                0x08004fc2                UART_WaitOnFlagUntilTimeout
 .text.HAL_UART_Transmit
                0x08005052       0xa2 ./Drivers/STM32F7xx_HAL_Driver/Src/stm32f7xx_hal_uart.o
                0x08005052                HAL_UART_Transmit
 .text.UART_CheckIdleState
                0x080050f4       0xb2 ./Drivers/STM32F7xx_HAL_Driver/Src/stm32f7xx_hal_uart.o
                0x080050f4                UART_CheckIdleState
 .text.HAL_UART_Init
                0x080051a6       0x5c ./Drivers/STM32F7xx_HAL_Driver/Src/stm32f7xx_hal_uart.o
                0x080051a6                HAL_UART_Init
 .text.USB_CoreReset
                0x08005202       0x46 ./Drivers/STM32F7xx_HAL_Driver/Src/stm32f7xx_ll_usb.o
 .text.USB_CoreInit
                0x08005248       0x7c ./Drivers/STM32F7xx_HAL_Driver/Src/stm32f7xx_ll_usb.o
                0x08005248                USB_CoreInit
 .text.USB_DisableGlobalInt
                0x080052c4        0xc ./Drivers/STM32F7xx_HAL_Driver/Src/stm32f7xx_ll_usb.o
                0x080052c4                USB_DisableGlobalInt
 .text.USB_SetCurrentMode
                0x080052d0       0x5c ./Drivers/STM32F7xx_HAL_Driver/Src/stm32f7xx_ll_usb.o
                0x080052d0                USB_SetCurrentMode
 .text.USB_FlushTxFifo
                0x0800532c       0x46 ./Drivers/STM32F7xx_HAL_Driver/Src/stm32f7xx_ll_usb.o
                0x0800532c                USB_FlushTxFifo
 .text.USB_FlushRxFifo
                0x08005372       0x42 ./Drivers/STM32F7xx_HAL_Driver/Src/stm32f7xx_ll_usb.o
                0x08005372                USB_FlushRxFifo
 .text.USB_SetDevSpeed
                0x080053b4        0xe ./Drivers/STM32F7xx_HAL_Driver/Src/stm32f7xx_ll_usb.o
                0x080053b4                USB_SetDevSpeed
 *fill*         0x080053c2        0x2 
 .text.USB_DevInit
                0x080053c4      0x170 ./Drivers/STM32F7xx_HAL_Driver/Src/stm32f7xx_ll_usb.o
                0x080053c4                USB_DevInit
 .text.USB_DevDisconnect
                0x08005534       0x1c ./Drivers/STM32F7xx_HAL_Driver/Src/stm32f7xx_ll_usb.o
                0x08005534                USB_DevDisconnect
 .text.atoi     0x08005550        0x8 C:/ST/STM32CubeIDE_1.18.0/STM32CubeIDE/plugins/com.st.stm32cube.ide.mcu.externaltools.gnu-tools-for-stm32.13.3.rel1.win32_1.0.0.202411081344/tools/bin/../lib/gcc/arm-none-eabi/13.3.1/../../../../arm-none-eabi/lib/thumb/v7e-m+dp/hard\libc_nano.a(libc_a-atoi.o)
                0x08005550                atoi
 .text.sbrk_aligned
                0x08005558       0x44 C:/ST/STM32CubeIDE_1.18.0/STM32CubeIDE/plugins/com.st.stm32cube.ide.mcu.externaltools.gnu-tools-for-stm32.13.3.rel1.win32_1.0.0.202411081344/tools/bin/../lib/gcc/arm-none-eabi/13.3.1/../../../../arm-none-eabi/lib/thumb/v7e-m+dp/hard\libc_nano.a(libc_a-mallocr.o)
 .text._malloc_r
                0x0800559c      0x100 C:/ST/STM32CubeIDE_1.18.0/STM32CubeIDE/plugins/com.st.stm32cube.ide.mcu.externaltools.gnu-tools-for-stm32.13.3.rel1.win32_1.0.0.202411081344/tools/bin/../lib/gcc/arm-none-eabi/13.3.1/../../../../arm-none-eabi/lib/thumb/v7e-m+dp/hard\libc_nano.a(libc_a-mallocr.o)
                0x0800559c                _malloc_r
 .text.__malloc_lock
                0x0800569c        0xc C:/ST/STM32CubeIDE_1.18.0/STM32CubeIDE/plugins/com.st.stm32cube.ide.mcu.externaltools.gnu-tools-for-stm32.13.3.rel1.win32_1.0.0.202411081344/tools/bin/../lib/gcc/arm-none-eabi/13.3.1/../../../../arm-none-eabi/lib/thumb/v7e-m+dp/hard\libc_nano.a(libc_a-mlock.o)
                0x0800569c                __malloc_lock
 .text.__malloc_unlock
                0x080056a8        0xc C:/ST/STM32CubeIDE_1.18.0/STM32CubeIDE/plugins/com.st.stm32cube.ide.mcu.externaltools.gnu-tools-for-stm32.13.3.rel1.win32_1.0.0.202411081344/tools/bin/../lib/gcc/arm-none-eabi/13.3.1/../../../../arm-none-eabi/lib/thumb/v7e-m+dp/hard\libc_nano.a(libc_a-mlock.o)
                0x080056a8                __malloc_unlock
 .text._strtol_l.isra.0
                0x080056b4       0xf4 C:/ST/STM32CubeIDE_1.18.0/STM32CubeIDE/plugins/com.st.stm32cube.ide.mcu.externaltools.gnu-tools-for-stm32.13.3.rel1.win32_1.0.0.202411081344/tools/bin/../lib/gcc/arm-none-eabi/13.3.1/../../../../arm-none-eabi/lib/thumb/v7e-m+dp/hard\libc_nano.a(libc_a-strtol.o)
 .text.strtol   0x080057a8       0x14 C:/ST/STM32CubeIDE_1.18.0/STM32CubeIDE/plugins/com.st.stm32cube.ide.mcu.externaltools.gnu-tools-for-stm32.13.3.rel1.win32_1.0.0.202411081344/tools/bin/../lib/gcc/arm-none-eabi/13.3.1/../../../../arm-none-eabi/lib/thumb/v7e-m+dp/hard\libc_nano.a(libc_a-strtol.o)
                0x080057a8                strtol
 .text.snprintf
                0x080057bc       0x6c C:/ST/STM32CubeIDE_1.18.0/STM32CubeIDE/plugins/com.st.stm32cube.ide.mcu.externaltools.gnu-tools-for-stm32.13.3.rel1.win32_1.0.0.202411081344/tools/bin/../lib/gcc/arm-none-eabi/13.3.1/../../../../arm-none-eabi/lib/thumb/v7e-m+dp/hard\libc_nano.a(libc_a-snprintf.o)
                0x080057bc                sniprintf
                0x080057bc                snprintf
 .text.memmove  0x08005828       0x34 C:/ST/STM32CubeIDE_1.18.0/STM32CubeIDE/plugins/com.st.stm32cube.ide.mcu.externaltools.gnu-tools-for-stm32.13.3.rel1.win32_1.0.0.202411081344/tools/bin/../lib/gcc/arm-none-eabi/13.3.1/../../../../arm-none-eabi/lib/thumb/v7e-m+dp/hard\libc_nano.a(libc_a-memmove.o)
                0x08005828                memmove
 .text.memset   0x0800585c       0x10 C:/ST/STM32CubeIDE_1.18.0/STM32CubeIDE/plugins/com.st.stm32cube.ide.mcu.externaltools.gnu-tools-for-stm32.13.3.rel1.win32_1.0.0.202411081344/tools/bin/../lib/gcc/arm-none-eabi/13.3.1/../../../../arm-none-eabi/lib/thumb/v7e-m+dp/hard\libc_nano.a(libc_a-memset.o)
                0x0800585c                memset
 .text.strchr   0x0800586c       0x1a C:/ST/STM32CubeIDE_1.18.0/STM32CubeIDE/plugins/com.st.stm32cube.ide.mcu.externaltools.gnu-tools-for-stm32.13.3.rel1.win32_1.0.0.202411081344/tools/bin/../lib/gcc/arm-none-eabi/13.3.1/../../../../arm-none-eabi/lib/thumb/v7e-m+dp/hard\libc_nano.a(libc_a-strchr.o)
                0x0800586c                strchr
 .text.strncmp  0x08005886       0x24 C:/ST/STM32CubeIDE_1.18.0/STM32CubeIDE/plugins/com.st.stm32cube.ide.mcu.externaltools.gnu-tools-for-stm32.13.3.rel1.win32_1.0.0.202411081344/tools/bin/../lib/gcc/arm-none-eabi/13.3.1/../../../../arm-none-eabi/lib/thumb/v7e-m+dp/hard\libc_nano.a(libc_a-strncmp.o)
                0x08005886                strncmp
 .text.strstr   0x080058aa       0x2c C:/ST/STM32CubeIDE_1.18.0/STM32CubeIDE/plugins/com.st.stm32cube.ide.mcu.externaltools.gnu-tools-for-stm32.13.3.rel1.win32_1.0.0.202411081344/tools/bin/../lib/gcc/arm-none-eabi/13.3.1/../../../../arm-none-eabi/lib/thumb/v7e-m+dp/hard\libc_nano.a(libc_a-strstr.o)
                0x080058aa                strstr
 *fill*         0x080058d6        0x2 
 .text._sbrk_r  0x080058d8       0x20 C:/ST/STM32CubeIDE_1.18.0/STM32CubeIDE/plugins/com.st.stm32cube.ide.mcu.externaltools.gnu-tools-for-stm32.13.3.rel1.win32_1.0.0.202411081344/tools/bin/../lib/gcc/arm-none-eabi/13.3.1/../../../../arm-none-eabi/lib/thumb/v7e-m+dp/hard\libc_nano.a(libc_a-sbrkr.o)
                0x080058d8                _sbrk_r
 .text.__errno  0x080058f8        0xc C:/ST/STM32CubeIDE_1.18.0/STM32CubeIDE/plugins/com.st.stm32cube.ide.mcu.externaltools.gnu-tools-for-stm32.13.3.rel1.win32_1.0.0.202411081344/tools/bin/../lib/gcc/arm-none-eabi/13.3.1/../../../../arm-none-eabi/lib/thumb/v7e-m+dp/hard\libc_nano.a(libc_a-errno.o)
                0x080058f8                __errno
 .text.__libc_init_array
                0x08005904       0x48 C:/ST/STM32CubeIDE_1.18.0/STM32CubeIDE/plugins/com.st.stm32cube.ide.mcu.externaltools.gnu-tools-for-stm32.13.3.rel1.win32_1.0.0.202411081344/tools/bin/../lib/gcc/arm-none-eabi/13.3.1/../../../../arm-none-eabi/lib/thumb/v7e-m+dp/hard\libc_nano.a(libc_a-init.o)
                0x08005904                __libc_init_array
 .text.__retarget_lock_acquire_recursive
                0x0800594c        0x2 C:/ST/STM32CubeIDE_1.18.0/STM32CubeIDE/plugins/com.st.stm32cube.ide.mcu.externaltools.gnu-tools-for-stm32.13.3.rel1.win32_1.0.0.202411081344/tools/bin/../lib/gcc/arm-none-eabi/13.3.1/../../../../arm-none-eabi/lib/thumb/v7e-m+dp/hard\libc_nano.a(libc_a-lock.o)
                0x0800594c                __retarget_lock_acquire_recursive
 .text.__retarget_lock_release_recursive
                0x0800594e        0x2 C:/ST/STM32CubeIDE_1.18.0/STM32CubeIDE/plugins/com.st.stm32cube.ide.mcu.externaltools.gnu-tools-for-stm32.13.3.rel1.win32_1.0.0.202411081344/tools/bin/../lib/gcc/arm-none-eabi/13.3.1/../../../../arm-none-eabi/lib/thumb/v7e-m+dp/hard\libc_nano.a(libc_a-lock.o)
                0x0800594e                __retarget_lock_release_recursive
 .text.memcpy   0x08005950       0x1c C:/ST/STM32CubeIDE_1.18.0/STM32CubeIDE/plugins/com.st.stm32cube.ide.mcu.externaltools.gnu-tools-for-stm32.13.3.rel1.win32_1.0.0.202411081344/tools/bin/../lib/gcc/arm-none-eabi/13.3.1/../../../../arm-none-eabi/lib/thumb/v7e-m+dp/hard\libc_nano.a(libc_a-memcpy-stub.o)
                0x08005950                memcpy
 .text._free_r  0x0800596c       0x94 C:/ST/STM32CubeIDE_1.18.0/STM32CubeIDE/plugins/com.st.stm32cube.ide.mcu.externaltools.gnu-tools-for-stm32.13.3.rel1.win32_1.0.0.202411081344/tools/bin/../lib/gcc/arm-none-eabi/13.3.1/../../../../arm-none-eabi/lib/thumb/v7e-m+dp/hard\libc_nano.a(libc_a-freer.o)
                0x0800596c                _free_r
 .text.__ssputs_r
                0x08005a00       0xb6 C:/ST/STM32CubeIDE_1.18.0/STM32CubeIDE/plugins/com.st.stm32cube.ide.mcu.externaltools.gnu-tools-for-stm32.13.3.rel1.win32_1.0.0.202411081344/tools/bin/../lib/gcc/arm-none-eabi/13.3.1/../../../../arm-none-eabi/lib/thumb/v7e-m+dp/hard\libc_nano.a(libc_a-nano-svfprintf.o)
                0x08005a00                __ssputs_r
 *fill*         0x08005ab6        0x2 
 .text._svfprintf_r
                0x08005ab8      0x1f8 C:/ST/STM32CubeIDE_1.18.0/STM32CubeIDE/plugins/com.st.stm32cube.ide.mcu.externaltools.gnu-tools-for-stm32.13.3.rel1.win32_1.0.0.202411081344/tools/bin/../lib/gcc/arm-none-eabi/13.3.1/../../../../arm-none-eabi/lib/thumb/v7e-m+dp/hard\libc_nano.a(libc_a-nano-svfprintf.o)
                0x08005ab8                _svfiprintf_r
                0x08005ab8                _svfprintf_r
 .text._printf_common
                0x08005cb0       0xda C:/ST/STM32CubeIDE_1.18.0/STM32CubeIDE/plugins/com.st.stm32cube.ide.mcu.externaltools.gnu-tools-for-stm32.13.3.rel1.win32_1.0.0.202411081344/tools/bin/../lib/gcc/arm-none-eabi/13.3.1/../../../../arm-none-eabi/lib/thumb/v7e-m+dp/hard\libc_nano.a(libc_a-nano-vfprintf_i.o)
                0x08005cb0                _printf_common
 *fill*         0x08005d8a        0x2 
 .text._printf_i
                0x08005d8c      0x23c C:/ST/STM32CubeIDE_1.18.0/STM32CubeIDE/plugins/com.st.stm32cube.ide.mcu.externaltools.gnu-tools-for-stm32.13.3.rel1.win32_1.0.0.202411081344/tools/bin/../lib/gcc/arm-none-eabi/13.3.1/../../../../arm-none-eabi/lib/thumb/v7e-m+dp/hard\libc_nano.a(libc_a-nano-vfprintf_i.o)
                0x08005d8c                _printf_i
 .text._realloc_r
                0x08005fc8       0x5c C:/ST/STM32CubeIDE_1.18.0/STM32CubeIDE/plugins/com.st.stm32cube.ide.mcu.externaltools.gnu-tools-for-stm32.13.3.rel1.win32_1.0.0.202411081344/tools/bin/../lib/gcc/arm-none-eabi/13.3.1/../../../../arm-none-eabi/lib/thumb/v7e-m+dp/hard\libc_nano.a(libc_a-reallocr.o)
                0x08005fc8                _realloc_r
 .text._malloc_usable_size_r
                0x08006024       0x10 C:/ST/STM32CubeIDE_1.18.0/STM32CubeIDE/plugins/com.st.stm32cube.ide.mcu.externaltools.gnu-tools-for-stm32.13.3.rel1.win32_1.0.0.202411081344/tools/bin/../lib/gcc/arm-none-eabi/13.3.1/../../../../arm-none-eabi/lib/thumb/v7e-m+dp/hard\libc_nano.a(libc_a-msizer.o)
                0x08006024                _malloc_usable_size_r
 *(.glue_7)
 .glue_7        0x08006034        0x0 linker stubs
 *(.glue_7t)
 .glue_7t       0x08006034        0x0 linker stubs
 *(.eh_frame)
 .eh_frame      0x08006034        0x0 C:/ST/STM32CubeIDE_1.18.0/STM32CubeIDE/plugins/com.st.stm32cube.ide.mcu.externaltools.gnu-tools-for-stm32.13.3.rel1.win32_1.0.0.202411081344/tools/bin/../lib/gcc/arm-none-eabi/13.3.1/thumb/v7e-m+dp/hard/crtbegin.o
 *(.init)
 .init          0x08006034        0x4 C:/ST/STM32CubeIDE_1.18.0/STM32CubeIDE/plugins/com.st.stm32cube.ide.mcu.externaltools.gnu-tools-for-stm32.13.3.rel1.win32_1.0.0.202411081344/tools/bin/../lib/gcc/arm-none-eabi/13.3.1/thumb/v7e-m+dp/hard/crti.o
                0x08006034                _init
 .init          0x08006038        0x8 C:/ST/STM32CubeIDE_1.18.0/STM32CubeIDE/plugins/com.st.stm32cube.ide.mcu.externaltools.gnu-tools-for-stm32.13.3.rel1.win32_1.0.0.202411081344/tools/bin/../lib/gcc/arm-none-eabi/13.3.1/thumb/v7e-m+dp/hard/crtn.o
 *(.fini)
 .fini          0x08006040        0x4 C:/ST/STM32CubeIDE_1.18.0/STM32CubeIDE/plugins/com.st.stm32cube.ide.mcu.externaltools.gnu-tools-for-stm32.13.3.rel1.win32_1.0.0.202411081344/tools/bin/../lib/gcc/arm-none-eabi/13.3.1/thumb/v7e-m+dp/hard/crti.o
                0x08006040                _fini
 .fini          0x08006044        0x8 C:/ST/STM32CubeIDE_1.18.0/STM32CubeIDE/plugins/com.st.stm32cube.ide.mcu.externaltools.gnu-tools-for-stm32.13.3.rel1.win32_1.0.0.202411081344/tools/bin/../lib/gcc/arm-none-eabi/13.3.1/thumb/v7e-m+dp/hard/crtn.o
                0x0800604c                        . = ALIGN (0x4)
                0x0800604c                        _etext = .

.vfp11_veneer   0x0800604c        0x0
 .vfp11_veneer  0x0800604c        0x0 linker stubs

.v4_bx          0x0800604c        0x0
 .v4_bx         0x0800604c        0x0 linker stubs

.iplt           0x0800604c        0x0
 .iplt          0x0800604c        0x0 C:/ST/STM32CubeIDE_1.18.0/STM32CubeIDE/plugins/com.st.stm32cube.ide.mcu.externaltools.gnu-tools-for-stm32.13.3.rel1.win32_1.0.0.202411081344/tools/bin/../lib/gcc/arm-none-eabi/13.3.1/thumb/v7e-m+dp/hard/crtbegin.o

.rodata         0x0800604c     0x2038
                0x0800604c                        . = ALIGN (0x4)
 *(.rodata)
 *(.rodata*)
 .rodata.main.str1.1
                0x0800604c      0x602 ./Core/Src/main.o
                                 0x25 (size before relaxing)
 .rodata.Command_Engine.str1.1
                0x0800664e       0x12 ./Core/Src/modules.o
 .rodata.Command_Lights.str1.1
                0x0800664e       0x12 ./Core/Src/modules.o
 .rodata.Command_Horn.str1.1
                0x0800664e       0x10 ./Core/Src/modules.o
 .rodata.Command_ABS.str1.1
                0x0800664e        0xf ./Core/Src/modules.o
 .rodata.Command_Motors.str1.1
                0x0800664e       0xc1 ./Core/Src/modules.o
 .rodata.ProcessCommand.str1.1
                0x0800664e       0x30 ./Core/Src/modules.o
 .rodata.APBPrescTable
                0x0800664e        0x8 ./Core/Src/system_stm32f7xx.o
                0x0800664e                APBPrescTable
 .rodata.AHBPrescTable
                0x08006656       0x10 ./Core/Src/system_stm32f7xx.o
                0x08006656                AHBPrescTable
 .rodata.esp_send_raw.str1.1
                0x08006666       0x1d ./Core/Src/wifi_api.o
 .rodata.send_http.str1.1
                0x08006666       0x11 ./Core/Src/wifi_api.o
 .rodata.send_json_state.str1.1
                0x08006666       0xee ./Core/Src/wifi_api.o
 .rodata.handle_request.constprop.0.str1.1
                0x08006666      0x2a8 ./Core/Src/wifi_api.o
 .rodata.process_rx_buffer.str1.1
                0x08006666        0x6 ./Core/Src/wifi_api.o
 .rodata.WifiApi_Init.str1.1
                0x08006666       0xad ./Core/Src/wifi_api.o
 .rodata.ROOT_HTML
                0x08006666     0x1914 ./Core/Src/wifi_api.o
 .rodata.flagBitshiftOffset.0
                0x08007f7a        0x8 ./Drivers/STM32F7xx_HAL_Driver/Src/stm32f7xx_hal_dma.o
 .rodata._ctype_
                0x08007f82      0x101 C:/ST/STM32CubeIDE_1.18.0/STM32CubeIDE/plugins/com.st.stm32cube.ide.mcu.externaltools.gnu-tools-for-stm32.13.3.rel1.win32_1.0.0.202411081344/tools/bin/../lib/gcc/arm-none-eabi/13.3.1/../../../../arm-none-eabi/lib/thumb/v7e-m+dp/hard\libc_nano.a(libc_a-ctype_.o)
                0x08007f82                _ctype_
 .rodata._svfprintf_r.str1.1
                0x08008083       0x11 C:/ST/STM32CubeIDE_1.18.0/STM32CubeIDE/plugins/com.st.stm32cube.ide.mcu.externaltools.gnu-tools-for-stm32.13.3.rel1.win32_1.0.0.202411081344/tools/bin/../lib/gcc/arm-none-eabi/13.3.1/../../../../arm-none-eabi/lib/thumb/v7e-m+dp/hard\libc_nano.a(libc_a-nano-svfprintf.o)
 .rodata._printf_i.str1.1
                0x08008083       0x22 C:/ST/STM32CubeIDE_1.18.0/STM32CubeIDE/plugins/com.st.stm32cube.ide.mcu.externaltools.gnu-tools-for-stm32.13.3.rel1.win32_1.0.0.202411081344/tools/bin/../lib/gcc/arm-none-eabi/13.3.1/../../../../arm-none-eabi/lib/thumb/v7e-m+dp/hard\libc_nano.a(libc_a-nano-vfprintf_i.o)
                0x080080a8                        . = ALIGN (0x4)
 *fill*         0x08008083        0x1 

.ARM.extab      0x08008084        0x0
                0x08008084                        . = ALIGN (0x4)
 *(.ARM.extab* .gnu.linkonce.armextab.*)
                0x08008084                        . = ALIGN (0x4)

.ARM            0x08008084        0x8
                0x08008084                        . = ALIGN (0x4)
                0x08008084                        __exidx_start = .
 *(.ARM.exidx*)
 .ARM.exidx     0x08008084        0x8 C:/ST/STM32CubeIDE_1.18.0/STM32CubeIDE/plugins/com.st.stm32cube.ide.mcu.externaltools.gnu-tools-for-stm32.13.3.rel1.win32_1.0.0.202411081344/tools/bin/../lib/gcc/arm-none-eabi/13.3.1/../../../../arm-none-eabi/lib/thumb/v7e-m+dp/hard\libc_nano.a(libc_a-strcmp.o)
 .ARM.exidx     0x0800808c        0x0 C:/ST/STM32CubeIDE_1.18.0/STM32CubeIDE/plugins/com.st.stm32cube.ide.mcu.externaltools.gnu-tools-for-stm32.13.3.rel1.win32_1.0.0.202411081344/tools/bin/../lib/gcc/arm-none-eabi/13.3.1/../../../../arm-none-eabi/lib/thumb/v7e-m+dp/hard\libc_nano.a(libc_a-strlen.o)
                                  0x8 (size before relaxing)
 .ARM.exidx     0x0800808c        0x0 C:/ST/STM32CubeIDE_1.18.0/STM32CubeIDE/plugins/com.st.stm32cube.ide.mcu.externaltools.gnu-tools-for-stm32.13.3.rel1.win32_1.0.0.202411081344/tools/bin/../lib/gcc/arm-none-eabi/13.3.1/../../../../arm-none-eabi/lib/thumb/v7e-m+dp/hard\libc_nano.a(libc_a-memchr.o)
                                  0x8 (size before relaxing)
 .ARM.exidx     0x0800808c        0x0 C:/ST/STM32CubeIDE_1.18.0/STM32CubeIDE/plugins/com.st.stm32cube.ide.mcu.externaltools.gnu-tools-for-stm32.13.3.rel1.win32_1.0.0.202411081344/tools/bin/../lib/gcc/arm-none-eabi/13.3.1/thumb/v7e-m+dp/hard\libgcc.a(_udivmoddi4.o)
                                  0x8 (size before relaxing)
                0x0800808c                        __exidx_end = .
                0x0800808c                        . = ALIGN (0x4)

.preinit_array  0x0800808c        0x0
                0x0800808c                        . = ALIGN (0x4)
                0x0800808c                        PROVIDE (__preinit_array_start = .)
 *(.preinit_array*)
                0x0800808c                        PROVIDE (__preinit_array_end = .)
                0x0800808c                        . = ALIGN (0x4)

.init_array     0x0800808c        0x4
                0x0800808c                        . = ALIGN (0x4)
                0x0800808c                        PROVIDE (__init_array_start = .)
 *(SORT_BY_NAME(.init_array.*))
 *(.init_array*)
 .init_array    0x0800808c        0x4 C:/ST/STM32CubeIDE_1.18.0/STM32CubeIDE/plugins/com.st.stm32cube.ide.mcu.externaltools.gnu-tools-for-stm32.13.3.rel1.win32_1.0.0.202411081344/tools/bin/../lib/gcc/arm-none-eabi/13.3.1/thumb/v7e-m+dp/hard/crtbegin.o
                0x08008090                        PROVIDE (__init_array_end = .)
                0x08008090                        . = ALIGN (0x4)

.fini_array     0x08008090        0x4
                0x08008090                        . = ALIGN (0x4)
                [!provide]                        PROVIDE (__fini_array_start = .)
 *(SORT_BY_NAME(.fini_array.*))
 *(.fini_array*)
 .fini_array    0x08008090        0x4 C:/ST/STM32CubeIDE_1.18.0/STM32CubeIDE/plugins/com.st.stm32cube.ide.mcu.externaltools.gnu-tools-for-stm32.13.3.rel1.win32_1.0.0.202411081344/tools/bin/../lib/gcc/arm-none-eabi/13.3.1/thumb/v7e-m+dp/hard/crtbegin.o
                [!provide]                        PROVIDE (__fini_array_end = .)
                0x08008094                        . = ALIGN (0x4)
                0x08008094                        _sidata = LOADADDR (.data)

.rel.dyn        0x08008094        0x0
 .rel.iplt      0x08008094        0x0 C:/ST/STM32CubeIDE_1.18.0/STM32CubeIDE/plugins/com.st.stm32cube.ide.mcu.externaltools.gnu-tools-for-stm32.13.3.rel1.win32_1.0.0.202411081344/tools/bin/../lib/gcc/arm-none-eabi/13.3.1/thumb/v7e-m+dp/hard/crtbegin.o

.data           0x20000000       0x60 load address 0x08008094
                0x20000000                        . = ALIGN (0x4)
                0x20000000                        _sdata = .
 *(.data)
 *(.data*)
 .data.SystemCoreClock
                0x20000000        0x4 ./Core/Src/system_stm32f7xx.o
                0x20000000                SystemCoreClock
 .data.dwt_div  0x20000004        0x4 ./Core/Src/wifi_api.o
 .data.uwTickFreq
                0x20000008        0x1 ./Drivers/STM32F7xx_HAL_Driver/Src/stm32f7xx_hal.o
                0x20000008                uwTickFreq
 *fill*         0x20000009        0x3 
 .data.uwTickPrio
                0x2000000c        0x4 ./Drivers/STM32F7xx_HAL_Driver/Src/stm32f7xx_hal.o
                0x2000000c                uwTickPrio
 .data._impure_ptr
                0x20000010        0x4 C:/ST/STM32CubeIDE_1.18.0/STM32CubeIDE/plugins/com.st.stm32cube.ide.mcu.externaltools.gnu-tools-for-stm32.13.3.rel1.win32_1.0.0.202411081344/tools/bin/../lib/gcc/arm-none-eabi/13.3.1/../../../../arm-none-eabi/lib/thumb/v7e-m+dp/hard\libc_nano.a(libc_a-impure.o)
                0x20000010                _impure_ptr
 .data._impure_data
                0x20000014       0x4c C:/ST/STM32CubeIDE_1.18.0/STM32CubeIDE/plugins/com.st.stm32cube.ide.mcu.externaltools.gnu-tools-for-stm32.13.3.rel1.win32_1.0.0.202411081344/tools/bin/../lib/gcc/arm-none-eabi/13.3.1/../../../../arm-none-eabi/lib/thumb/v7e-m+dp/hard\libc_nano.a(libc_a-impure.o)
                0x20000014                _impure_data
 *(.RamFunc)
 *(.RamFunc*)
                0x20000060                        . = ALIGN (0x4)
                0x20000060                        _edata = .

.igot.plt       0x20000060        0x0 load address 0x080080f4
 .igot.plt      0x20000060        0x0 C:/ST/STM32CubeIDE_1.18.0/STM32CubeIDE/plugins/com.st.stm32cube.ide.mcu.externaltools.gnu-tools-for-stm32.13.3.rel1.win32_1.0.0.202411081344/tools/bin/../lib/gcc/arm-none-eabi/13.3.1/thumb/v7e-m+dp/hard/crtbegin.o
                0x20000060                        . = ALIGN (0x4)

.bss            0x20000060     0x220c load address 0x080080f4
                0x20000060                        _sbss = .
                0x20000060                        __bss_start__ = _sbss
 *(.bss)
 .bss           0x20000060       0x1c C:/ST/STM32CubeIDE_1.18.0/STM32CubeIDE/plugins/com.st.stm32cube.ide.mcu.externaltools.gnu-tools-for-stm32.13.3.rel1.win32_1.0.0.202411081344/tools/bin/../lib/gcc/arm-none-eabi/13.3.1/thumb/v7e-m+dp/hard/crtbegin.o
 *(.bss*)
 .bss.lastPressTime.0
                0x2000007c        0x4 ./Core/Src/modules.o
 .bss.engineOn  0x20000080        0x4 ./Core/Src/modules.o
                0x20000080                engineOn
 .bss.indicationOverride
                0x20000084        0x4 ./Core/Src/modules.o
                0x20000084                indicationOverride
 .bss.hornOn    0x20000088        0x4 ./Core/Src/modules.o
                0x20000088                hornOn
 .bss.Distance  0x2000008c        0x4 ./Core/Src/modules.o
                0x2000008c                Distance
 .bss.Value2    0x20000090        0x4 ./Core/Src/modules.o
                0x20000090                Value2
 .bss.Value1    0x20000094        0x4 ./Core/Src/modules.o
                0x20000094                Value1
 .bss.pMillis   0x20000098        0x4 ./Core/Src/modules.o
                0x20000098                pMillis
 .bss.motorB    0x2000009c       0x3c ./Core/Src/motor.o
                0x2000009c                motorB
 .bss.motorA    0x200000d8       0x3c ./Core/Src/motor.o
                0x200000d8                motorA
 .bss.__sbrk_heap_end
                0x20000114        0x4 ./Core/Src/sysmem.o
 .bss.ind_offDelayMs
                0x20000118        0x4 ./Core/Src/thread.o
 .bss.ind_onDelayMs
                0x2000011c        0x4 ./Core/Src/thread.o
 .bss.ind_nextMs
                0x20000120        0x4 ./Core/Src/thread.o
 .bss.ind_phase
                0x20000124        0x1 ./Core/Src/thread.o
 .bss.ds_state  0x20000125        0x1 ./Core/Src/thread.o
 *fill*         0x20000126        0x2 
 .bss.hb_nextSendMs
                0x20000128        0x4 ./Core/Src/thread.o
 .bss.htim12    0x2000012c       0x4c ./Core/Src/tim.o
                0x2000012c                htim12
 .bss.htim9     0x20000178       0x4c ./Core/Src/tim.o
                0x20000178                htim9
 .bss.htim8     0x200001c4       0x4c ./Core/Src/tim.o
                0x200001c4                htim8
 .bss.htim6     0x20000210       0x4c ./Core/Src/tim.o
                0x20000210                htim6
 .bss.htim5     0x2000025c       0x4c ./Core/Src/tim.o
                0x2000025c                htim5
 .bss.htim4     0x200002a8       0x4c ./Core/Src/tim.o
                0x200002a8                htim4
 .bss.htim3     0x200002f4       0x4c ./Core/Src/tim.o
                0x200002f4                htim3
 .bss.htim2     0x20000340       0x4c ./Core/Src/tim.o
                0x20000340                htim2
 .bss.htim1     0x2000038c       0x4c ./Core/Src/tim.o
                0x2000038c                htim1
 .bss.hdma_usart2_tx
                0x200003d8       0x60 ./Core/Src/usart.o
                0x200003d8                hdma_usart2_tx
 .bss.hdma_usart2_rx
                0x20000438       0x60 ./Core/Src/usart.o
                0x20000438                hdma_usart2_rx
 .bss.huart3    0x20000498       0x88 ./Core/Src/usart.o
                0x20000498                huart3
 .bss.huart2    0x20000520       0x88 ./Core/Src/usart.o
                0x20000520                huart2
 .bss.hpcd_USB_OTG_FS
                0x200005a8      0x4e0 ./Core/Src/usb_otg.o
                0x200005a8                hpcd_USB_OTG_FS
 .bss.dwt_ok    0x20000a88        0x1 ./Core/Src/wifi_api.o
 .bss.cmdq      0x20000a89       0x50 ./Core/Src/wifi_api.o
 .bss.cmdq_tail
                0x20000ad9        0x1 ./Core/Src/wifi_api.o
 .bss.cmdq_head
                0x20000ada        0x1 ./Core/Src/wifi_api.o
 .bss.reqbuf    0x20000adb      0x640 ./Core/Src/wifi_api.o
 .bss.uart_rx_pause
                0x2000111b        0x1 ./Core/Src/wifi_api.o
 .bss.rxlen     0x2000111c        0x2 ./Core/Src/wifi_api.o
 .bss.rxbuf     0x2000111e     0x1000 ./Core/Src/wifi_api.o
 *fill*         0x2000211e        0x2 
 .bss.uwTick    0x20002120        0x4 ./Drivers/STM32F7xx_HAL_Driver/Src/stm32f7xx_hal.o
                0x20002120                uwTick
 .bss.__malloc_sbrk_start
                0x20002124        0x4 C:/ST/STM32CubeIDE_1.18.0/STM32CubeIDE/plugins/com.st.stm32cube.ide.mcu.externaltools.gnu-tools-for-stm32.13.3.rel1.win32_1.0.0.202411081344/tools/bin/../lib/gcc/arm-none-eabi/13.3.1/../../../../arm-none-eabi/lib/thumb/v7e-m+dp/hard\libc_nano.a(libc_a-mallocr.o)
                0x20002124                __malloc_sbrk_start
 .bss.__malloc_free_list
                0x20002128        0x4 C:/ST/STM32CubeIDE_1.18.0/STM32CubeIDE/plugins/com.st.stm32cube.ide.mcu.externaltools.gnu-tools-for-stm32.13.3.rel1.win32_1.0.0.202411081344/tools/bin/../lib/gcc/arm-none-eabi/13.3.1/../../../../arm-none-eabi/lib/thumb/v7e-m+dp/hard\libc_nano.a(libc_a-mallocr.o)
                0x20002128                __malloc_free_list
 .bss.__sf      0x2000212c      0x138 C:/ST/STM32CubeIDE_1.18.0/STM32CubeIDE/plugins/com.st.stm32cube.ide.mcu.externaltools.gnu-tools-for-stm32.13.3.rel1.win32_1.0.0.202411081344/tools/bin/../lib/gcc/arm-none-eabi/13.3.1/../../../../arm-none-eabi/lib/thumb/v7e-m+dp/hard\libc_nano.a(libc_a-findfp.o)
                0x2000212c                __sf
 .bss.errno     0x20002264        0x4 C:/ST/STM32CubeIDE_1.18.0/STM32CubeIDE/plugins/com.st.stm32cube.ide.mcu.externaltools.gnu-tools-for-stm32.13.3.rel1.win32_1.0.0.202411081344/tools/bin/../lib/gcc/arm-none-eabi/13.3.1/../../../../arm-none-eabi/lib/thumb/v7e-m+dp/hard\libc_nano.a(libc_a-reent.o)
                0x20002264                errno
 .bss.__lock___malloc_recursive_mutex
                0x20002268        0x1 C:/ST/STM32CubeIDE_1.18.0/STM32CubeIDE/plugins/com.st.stm32cube.ide.mcu.externaltools.gnu-tools-for-stm32.13.3.rel1.win32_1.0.0.202411081344/tools/bin/../lib/gcc/arm-none-eabi/13.3.1/../../../../arm-none-eabi/lib/thumb/v7e-m+dp/hard\libc_nano.a(libc_a-lock.o)
                0x20002268                __lock___malloc_recursive_mutex
 *(COMMON)
                0x2000226c                        . = ALIGN (0x4)
 *fill*         0x20002269        0x3 
                0x2000226c                        _ebss = .
                0x2000226c                        __bss_end__ = _ebss

._user_heap_stack
                0x2000226c      0x604 load address 0x080080f4
                0x20002270                        . = ALIGN (0x8)
 *fill*         0x2000226c        0x4 
                [!provide]                        PROVIDE (end = .)
                0x20002270                        PROVIDE (_end = .)
                0x20002470                        . = (. + _Min_Heap_Size)
 *fill*         0x20002270      0x200 
                0x20002870                        . = (. + _Min_Stack_Size)
 *fill*         0x20002470      0x400 
                0x20002870                        . = ALIGN (0x8)

/DISCARD/
 libc.a(*)
 libm.a(*)
 libgcc.a(*)

.ARM.attributes
                0x00000000       0x2e
 *(.ARM.attributes)
 .ARM.attributes
                0x00000000       0x20 C:/ST/STM32CubeIDE_1.18.0/STM32CubeIDE/plugins/com.st.stm32cube.ide.mcu.externaltools.gnu-tools-for-stm32.13.3.rel1.win32_1.0.0.202411081344/tools/bin/../lib/gcc/arm-none-eabi/13.3.1/thumb/v7e-m+dp/hard/crti.o
 .ARM.attributes
                0x00000020       0x32 C:/ST/STM32CubeIDE_1.18.0/STM32CubeIDE/plugins/com.st.stm32cube.ide.mcu.externaltools.gnu-tools-for-stm32.13.3.rel1.win32_1.0.0.202411081344/tools/bin/../lib/gcc/arm-none-eabi/13.3.1/thumb/v7e-m+dp/hard/crtbegin.o
 .ARM.attributes
                0x00000052       0x32 ./Core/Src/dma.o
 .ARM.attributes
                0x00000084       0x32 ./Core/Src/gpio.o
 .ARM.attributes
                0x000000b6       0x32 ./Core/Src/main.o
 .ARM.attributes
                0x000000e8       0x32 ./Core/Src/modules.o
 .ARM.attributes
                0x0000011a       0x32 ./Core/Src/motor.o
 .ARM.attributes
                0x0000014c       0x32 ./Core/Src/pid.o
 .ARM.attributes
                0x0000017e       0x32 ./Core/Src/stm32f7xx_hal_msp.o
 .ARM.attributes
                0x000001b0       0x32 ./Core/Src/stm32f7xx_it.o
 .ARM.attributes
                0x000001e2       0x32 ./Core/Src/sysmem.o
 .ARM.attributes
                0x00000214       0x32 ./Core/Src/system_stm32f7xx.o
 .ARM.attributes
                0x00000246       0x32 ./Core/Src/thread.o
 .ARM.attributes
                0x00000278       0x32 ./Core/Src/tim.o
 .ARM.attributes
                0x000002aa       0x32 ./Core/Src/usart.o
 .ARM.attributes
                0x000002dc       0x32 ./Core/Src/usb_otg.o
 .ARM.attributes
                0x0000030e       0x32 ./Core/Src/wifi_api.o
 .ARM.attributes
                0x00000340       0x21 ./Core/Startup/startup_stm32f767zitx.o
 .ARM.attributes
                0x00000361       0x32 ./Drivers/STM32F7xx_HAL_Driver/Src/stm32f7xx_hal.o
 .ARM.attributes
                0x00000393       0x32 ./Drivers/STM32F7xx_HAL_Driver/Src/stm32f7xx_hal_cortex.o
 .ARM.attributes
                0x000003c5       0x32 ./Drivers/STM32F7xx_HAL_Driver/Src/stm32f7xx_hal_dma.o
 .ARM.attributes
                0x000003f7       0x32 ./Drivers/STM32F7xx_HAL_Driver/Src/stm32f7xx_hal_gpio.o
 .ARM.attributes
                0x00000429       0x32 ./Drivers/STM32F7xx_HAL_Driver/Src/stm32f7xx_hal_pcd.o
 .ARM.attributes
                0x0000045b       0x32 ./Drivers/STM32F7xx_HAL_Driver/Src/stm32f7xx_hal_pcd_ex.o
 .ARM.attributes
                0x0000048d       0x32 ./Drivers/STM32F7xx_HAL_Driver/Src/stm32f7xx_hal_pwr.o
 .ARM.attributes
                0x000004bf       0x32 ./Drivers/STM32F7xx_HAL_Driver/Src/stm32f7xx_hal_pwr_ex.o
 .ARM.attributes
                0x000004f1       0x32 ./Drivers/STM32F7xx_HAL_Driver/Src/stm32f7xx_hal_rcc.o
 .ARM.attributes
                0x00000523       0x32 ./Drivers/STM32F7xx_HAL_Driver/Src/stm32f7xx_hal_rcc_ex.o
 .ARM.attributes
                0x00000555       0x32 ./Drivers/STM32F7xx_HAL_Driver/Src/stm32f7xx_hal_tim.o
 .ARM.attributes
                0x00000587       0x32 ./Drivers/STM32F7xx_HAL_Driver/Src/stm32f7xx_hal_tim_ex.o
 .ARM.attributes
                0x000005b9       0x32 ./Drivers/STM32F7xx_HAL_Driver/Src/stm32f7xx_hal_uart.o
 .ARM.attributes
                0x000005eb       0x32 ./Drivers/STM32F7xx_HAL_Driver/Src/stm32f7xx_ll_usb.o
 .ARM.attributes
                0x0000061d       0x32 C:/ST/STM32CubeIDE_1.18.0/STM32CubeIDE/plugins/com.st.stm32cube.ide.mcu.externaltools.gnu-tools-for-stm32.13.3.rel1.win32_1.0.0.202411081344/tools/bin/../lib/gcc/arm-none-eabi/13.3.1/../../../../arm-none-eabi/lib/thumb/v7e-m+dp/hard\libc_nano.a(libc_a-atoi.o)
 .ARM.attributes
                0x0000064f       0x32 C:/ST/STM32CubeIDE_1.18.0/STM32CubeIDE/plugins/com.st.stm32cube.ide.mcu.externaltools.gnu-tools-for-stm32.13.3.rel1.win32_1.0.0.202411081344/tools/bin/../lib/gcc/arm-none-eabi/13.3.1/../../../../arm-none-eabi/lib/thumb/v7e-m+dp/hard\libc_nano.a(libc_a-mallocr.o)
 .ARM.attributes
                0x00000681       0x32 C:/ST/STM32CubeIDE_1.18.0/STM32CubeIDE/plugins/com.st.stm32cube.ide.mcu.externaltools.gnu-tools-for-stm32.13.3.rel1.win32_1.0.0.202411081344/tools/bin/../lib/gcc/arm-none-eabi/13.3.1/../../../../arm-none-eabi/lib/thumb/v7e-m+dp/hard\libc_nano.a(libc_a-mlock.o)
 .ARM.attributes
                0x000006b3       0x32 C:/ST/STM32CubeIDE_1.18.0/STM32CubeIDE/plugins/com.st.stm32cube.ide.mcu.externaltools.gnu-tools-for-stm32.13.3.rel1.win32_1.0.0.202411081344/tools/bin/../lib/gcc/arm-none-eabi/13.3.1/../../../../arm-none-eabi/lib/thumb/v7e-m+dp/hard\libc_nano.a(libc_a-strtol.o)
 .ARM.attributes
                0x000006e5       0x32 C:/ST/STM32CubeIDE_1.18.0/STM32CubeIDE/plugins/com.st.stm32cube.ide.mcu.externaltools.gnu-tools-for-stm32.13.3.rel1.win32_1.0.0.202411081344/tools/bin/../lib/gcc/arm-none-eabi/13.3.1/../../../../arm-none-eabi/lib/thumb/v7e-m+dp/hard\libc_nano.a(libc_a-ctype_.o)
 .ARM.attributes
                0x00000717       0x32 C:/ST/STM32CubeIDE_1.18.0/STM32CubeIDE/plugins/com.st.stm32cube.ide.mcu.externaltools.gnu-tools-for-stm32.13.3.rel1.win32_1.0.0.202411081344/tools/bin/../lib/gcc/arm-none-eabi/13.3.1/../../../../arm-none-eabi/lib/thumb/v7e-m+dp/hard\libc_nano.a(libc_a-findfp.o)
 .ARM.attributes
                0x00000749       0x32 C:/ST/STM32CubeIDE_1.18.0/STM32CubeIDE/plugins/com.st.stm32cube.ide.mcu.externaltools.gnu-tools-for-stm32.13.3.rel1.win32_1.0.0.202411081344/tools/bin/../lib/gcc/arm-none-eabi/13.3.1/../../../../arm-none-eabi/lib/thumb/v7e-m+dp/hard\libc_nano.a(libc_a-snprintf.o)
 .ARM.attributes
                0x0000077b       0x32 C:/ST/STM32CubeIDE_1.18.0/STM32CubeIDE/plugins/com.st.stm32cube.ide.mcu.externaltools.gnu-tools-for-stm32.13.3.rel1.win32_1.0.0.202411081344/tools/bin/../lib/gcc/arm-none-eabi/13.3.1/../../../../arm-none-eabi/lib/thumb/v7e-m+dp/hard\libc_nano.a(libc_a-memmove.o)
 .ARM.attributes
                0x000007ad       0x32 C:/ST/STM32CubeIDE_1.18.0/STM32CubeIDE/plugins/com.st.stm32cube.ide.mcu.externaltools.gnu-tools-for-stm32.13.3.rel1.win32_1.0.0.202411081344/tools/bin/../lib/gcc/arm-none-eabi/13.3.1/../../../../arm-none-eabi/lib/thumb/v7e-m+dp/hard\libc_nano.a(libc_a-memset.o)
 .ARM.attributes
                0x000007df       0x32 C:/ST/STM32CubeIDE_1.18.0/STM32CubeIDE/plugins/com.st.stm32cube.ide.mcu.externaltools.gnu-tools-for-stm32.13.3.rel1.win32_1.0.0.202411081344/tools/bin/../lib/gcc/arm-none-eabi/13.3.1/../../../../arm-none-eabi/lib/thumb/v7e-m+dp/hard\libc_nano.a(libc_a-strchr.o)
 .ARM.attributes
                0x00000811       0x32 C:/ST/STM32CubeIDE_1.18.0/STM32CubeIDE/plugins/com.st.stm32cube.ide.mcu.externaltools.gnu-tools-for-stm32.13.3.rel1.win32_1.0.0.202411081344/tools/bin/../lib/gcc/arm-none-eabi/13.3.1/../../../../arm-none-eabi/lib/thumb/v7e-m+dp/hard\libc_nano.a(libc_a-strncmp.o)
 .ARM.attributes
                0x00000843       0x32 C:/ST/STM32CubeIDE_1.18.0/STM32CubeIDE/plugins/com.st.stm32cube.ide.mcu.externaltools.gnu-tools-for-stm32.13.3.rel1.win32_1.0.0.202411081344/tools/bin/../lib/gcc/arm-none-eabi/13.3.1/../../../../arm-none-eabi/lib/thumb/v7e-m+dp/hard\libc_nano.a(libc_a-strstr.o)
 .ARM.attributes
                0x00000875       0x32 C:/ST/STM32CubeIDE_1.18.0/STM32CubeIDE/plugins/com.st.stm32cube.ide.mcu.externaltools.gnu-tools-for-stm32.13.3.rel1.win32_1.0.0.202411081344/tools/bin/../lib/gcc/arm-none-eabi/13.3.1/../../../../arm-none-eabi/lib/thumb/v7e-m+dp/hard\libc_nano.a(libc_a-reent.o)
 .ARM.attributes
                0x000008a7       0x32 C:/ST/STM32CubeIDE_1.18.0/STM32CubeIDE/plugins/com.st.stm32cube.ide.mcu.externaltools.gnu-tools-for-stm32.13.3.rel1.win32_1.0.0.202411081344/tools/bin/../lib/gcc/arm-none-eabi/13.3.1/../../../../arm-none-eabi/lib/thumb/v7e-m+dp/hard\libc_nano.a(libc_a-impure.o)
 .ARM.attributes
                0x000008d9       0x32 C:/ST/STM32CubeIDE_1.18.0/STM32CubeIDE/plugins/com.st.stm32cube.ide.mcu.externaltools.gnu-tools-for-stm32.13.3.rel1.win32_1.0.0.202411081344/tools/bin/../lib/gcc/arm-none-eabi/13.3.1/../../../../arm-none-eabi/lib/thumb/v7e-m+dp/hard\libc_nano.a(libc_a-sbrkr.o)
 .ARM.attributes
                0x0000090b       0x32 C:/ST/STM32CubeIDE_1.18.0/STM32CubeIDE/plugins/com.st.stm32cube.ide.mcu.externaltools.gnu-tools-for-stm32.13.3.rel1.win32_1.0.0.202411081344/tools/bin/../lib/gcc/arm-none-eabi/13.3.1/../../../../arm-none-eabi/lib/thumb/v7e-m+dp/hard\libc_nano.a(libc_a-errno.o)
 .ARM.attributes
                0x0000093d       0x32 C:/ST/STM32CubeIDE_1.18.0/STM32CubeIDE/plugins/com.st.stm32cube.ide.mcu.externaltools.gnu-tools-for-stm32.13.3.rel1.win32_1.0.0.202411081344/tools/bin/../lib/gcc/arm-none-eabi/13.3.1/../../../../arm-none-eabi/lib/thumb/v7e-m+dp/hard\libc_nano.a(libc_a-init.o)
 .ARM.attributes
                0x0000096f       0x32 C:/ST/STM32CubeIDE_1.18.0/STM32CubeIDE/plugins/com.st.stm32cube.ide.mcu.externaltools.gnu-tools-for-stm32.13.3.rel1.win32_1.0.0.202411081344/tools/bin/../lib/gcc/arm-none-eabi/13.3.1/../../../../arm-none-eabi/lib/thumb/v7e-m+dp/hard\libc_nano.a(libc_a-lock.o)
 .ARM.attributes
                0x000009a1       0x1e C:/ST/STM32CubeIDE_1.18.0/STM32CubeIDE/plugins/com.st.stm32cube.ide.mcu.externaltools.gnu-tools-for-stm32.13.3.rel1.win32_1.0.0.202411081344/tools/bin/../lib/gcc/arm-none-eabi/13.3.1/../../../../arm-none-eabi/lib/thumb/v7e-m+dp/hard\libc_nano.a(libc_a-strcmp.o)
 .ARM.attributes
                0x000009bf       0x32 C:/ST/STM32CubeIDE_1.18.0/STM32CubeIDE/plugins/com.st.stm32cube.ide.mcu.externaltools.gnu-tools-for-stm32.13.3.rel1.win32_1.0.0.202411081344/tools/bin/../lib/gcc/arm-none-eabi/13.3.1/../../../../arm-none-eabi/lib/thumb/v7e-m+dp/hard\libc_nano.a(libc_a-memcpy-stub.o)
 .ARM.attributes
                0x000009f1       0x17 C:/ST/STM32CubeIDE_1.18.0/STM32CubeIDE/plugins/com.st.stm32cube.ide.mcu.externaltools.gnu-tools-for-stm32.13.3.rel1.win32_1.0.0.202411081344/tools/bin/../lib/gcc/arm-none-eabi/13.3.1/../../../../arm-none-eabi/lib/thumb/v7e-m+dp/hard\libc_nano.a(libc_a-strlen.o)
 .ARM.attributes
                0x00000a08       0x32 C:/ST/STM32CubeIDE_1.18.0/STM32CubeIDE/plugins/com.st.stm32cube.ide.mcu.externaltools.gnu-tools-for-stm32.13.3.rel1.win32_1.0.0.202411081344/tools/bin/../lib/gcc/arm-none-eabi/13.3.1/../../../../arm-none-eabi/lib/thumb/v7e-m+dp/hard\libc_nano.a(libc_a-freer.o)
 .ARM.attributes
                0x00000a3a       0x32 C:/ST/STM32CubeIDE_1.18.0/STM32CubeIDE/plugins/com.st.stm32cube.ide.mcu.externaltools.gnu-tools-for-stm32.13.3.rel1.win32_1.0.0.202411081344/tools/bin/../lib/gcc/arm-none-eabi/13.3.1/../../../../arm-none-eabi/lib/thumb/v7e-m+dp/hard\libc_nano.a(libc_a-nano-svfprintf.o)
 .ARM.attributes
                0x00000a6c       0x32 C:/ST/STM32CubeIDE_1.18.0/STM32CubeIDE/plugins/com.st.stm32cube.ide.mcu.externaltools.gnu-tools-for-stm32.13.3.rel1.win32_1.0.0.202411081344/tools/bin/../lib/gcc/arm-none-eabi/13.3.1/../../../../arm-none-eabi/lib/thumb/v7e-m+dp/hard\libc_nano.a(libc_a-nano-vfprintf_i.o)
 .ARM.attributes
                0x00000a9e       0x1c C:/ST/STM32CubeIDE_1.18.0/STM32CubeIDE/plugins/com.st.stm32cube.ide.mcu.externaltools.gnu-tools-for-stm32.13.3.rel1.win32_1.0.0.202411081344/tools/bin/../lib/gcc/arm-none-eabi/13.3.1/../../../../arm-none-eabi/lib/thumb/v7e-m+dp/hard\libc_nano.a(libc_a-memchr.o)
 .ARM.attributes
                0x00000aba       0x32 C:/ST/STM32CubeIDE_1.18.0/STM32CubeIDE/plugins/com.st.stm32cube.ide.mcu.externaltools.gnu-tools-for-stm32.13.3.rel1.win32_1.0.0.202411081344/tools/bin/../lib/gcc/arm-none-eabi/13.3.1/../../../../arm-none-eabi/lib/thumb/v7e-m+dp/hard\libc_nano.a(libc_a-reallocr.o)
 .ARM.attributes
                0x00000aec       0x32 C:/ST/STM32CubeIDE_1.18.0/STM32CubeIDE/plugins/com.st.stm32cube.ide.mcu.externaltools.gnu-tools-for-stm32.13.3.rel1.win32_1.0.0.202411081344/tools/bin/../lib/gcc/arm-none-eabi/13.3.1/../../../../arm-none-eabi/lib/thumb/v7e-m+dp/hard\libc_nano.a(libc_a-msizer.o)
 .ARM.attributes
                0x00000b1e       0x20 C:/ST/STM32CubeIDE_1.18.0/STM32CubeIDE/plugins/com.st.stm32cube.ide.mcu.externaltools.gnu-tools-for-stm32.13.3.rel1.win32_1.0.0.202411081344/tools/bin/../lib/gcc/arm-none-eabi/13.3.1/thumb/v7e-m+dp/hard\libgcc.a(_aeabi_uldivmod.o)
 .ARM.attributes
                0x00000b3e       0x32 C:/ST/STM32CubeIDE_1.18.0/STM32CubeIDE/plugins/com.st.stm32cube.ide.mcu.externaltools.gnu-tools-for-stm32.13.3.rel1.win32_1.0.0.202411081344/tools/bin/../lib/gcc/arm-none-eabi/13.3.1/thumb/v7e-m+dp/hard\libgcc.a(_udivmoddi4.o)
 .ARM.attributes
                0x00000b70       0x20 C:/ST/STM32CubeIDE_1.18.0/STM32CubeIDE/plugins/com.st.stm32cube.ide.mcu.externaltools.gnu-tools-for-stm32.13.3.rel1.win32_1.0.0.202411081344/tools/bin/../lib/gcc/arm-none-eabi/13.3.1/thumb/v7e-m+dp/hard\libgcc.a(_dvmd_tls.o)
 .ARM.attributes
                0x00000b90       0x20 C:/ST/STM32CubeIDE_1.18.0/STM32CubeIDE/plugins/com.st.stm32cube.ide.mcu.externaltools.gnu-tools-for-stm32.13.3.rel1.win32_1.0.0.202411081344/tools/bin/../lib/gcc/arm-none-eabi/13.3.1/thumb/v7e-m+dp/hard/crtn.o
OUTPUT(STM32-RC-Car.elf elf32-littlearm)
LOAD linker stubs
LOAD C:/ST/STM32CubeIDE_1.18.0/STM32CubeIDE/plugins/com.st.stm32cube.ide.mcu.externaltools.gnu-tools-for-stm32.13.3.rel1.win32_1.0.0.202411081344/tools/bin/../lib/gcc/arm-none-eabi/13.3.1/../../../../arm-none-eabi/lib/thumb/v7e-m+dp/hard\libc.a
LOAD C:/ST/STM32CubeIDE_1.18.0/STM32CubeIDE/plugins/com.st.stm32cube.ide.mcu.externaltools.gnu-tools-for-stm32.13.3.rel1.win32_1.0.0.202411081344/tools/bin/../lib/gcc/arm-none-eabi/13.3.1/../../../../arm-none-eabi/lib/thumb/v7e-m+dp/hard\libm.a
LOAD C:/ST/STM32CubeIDE_1.18.0/STM32CubeIDE/plugins/com.st.stm32cube.ide.mcu.externaltools.gnu-tools-for-stm32.13.3.rel1.win32_1.0.0.202411081344/tools/bin/../lib/gcc/arm-none-eabi/13.3.1/thumb/v7e-m+dp/hard\libgcc.a

.comment        0x00000000       0x43
 .comment       0x00000000       0x43 ./Core/Src/dma.o
                                 0x44 (size before relaxing)
 .comment       0x00000043       0x44 ./Core/Src/gpio.o
 .comment       0x00000043       0x44 ./Core/Src/main.o
 .comment       0x00000043       0x44 ./Core/Src/modules.o
 .comment       0x00000043       0x44 ./Core/Src/motor.o
 .comment       0x00000043       0x44 ./Core/Src/pid.o
 .comment       0x00000043       0x44 ./Core/Src/stm32f7xx_hal_msp.o
 .comment       0x00000043       0x44 ./Core/Src/stm32f7xx_it.o
 .comment       0x00000043       0x44 ./Core/Src/sysmem.o
 .comment       0x00000043       0x44 ./Core/Src/system_stm32f7xx.o
 .comment       0x00000043       0x44 ./Core/Src/thread.o
 .comment       0x00000043       0x44 ./Core/Src/tim.o
 .comment       0x00000043       0x44 ./Core/Src/usart.o
 .comment       0x00000043       0x44 ./Core/Src/usb_otg.o
 .comment       0x00000043       0x44 ./Core/Src/wifi_api.o
 .comment       0x00000043       0x44 ./Drivers/STM32F7xx_HAL_Driver/Src/stm32f7xx_hal.o
 .comment       0x00000043       0x44 ./Drivers/STM32F7xx_HAL_Driver/Src/stm32f7xx_hal_cortex.o
 .comment       0x00000043       0x44 ./Drivers/STM32F7xx_HAL_Driver/Src/stm32f7xx_hal_dma.o
 .comment       0x00000043       0x44 ./Drivers/STM32F7xx_HAL_Driver/Src/stm32f7xx_hal_gpio.o
 .comment       0x00000043       0x44 ./Drivers/STM32F7xx_HAL_Driver/Src/stm32f7xx_hal_pcd.o
 .comment       0x00000043       0x44 ./Drivers/STM32F7xx_HAL_Driver/Src/stm32f7xx_hal_pcd_ex.o
 .comment       0x00000043       0x44 ./Drivers/STM32F7xx_HAL_Driver/Src/stm32f7xx_hal_pwr.o
 .comment       0x00000043       0x44 ./Drivers/STM32F7xx_HAL_Driver/Src/stm32f7xx_hal_pwr_ex.o
 .comment       0x00000043       0x44 ./Drivers/STM32F7xx_HAL_Driver/Src/stm32f7xx_hal_rcc.o
 .comment       0x00000043       0x44 ./Drivers/STM32F7xx_HAL_Driver/Src/stm32f7xx_hal_rcc_ex.o
 .comment       0x00000043       0x44 ./Drivers/STM32F7xx_HAL_Driver/Src/stm32f7xx_hal_tim.o
 .comment       0x00000043       0x44 ./Drivers/STM32F7xx_HAL_Driver/Src/stm32f7xx_hal_tim_ex.o
 .comment       0x00000043       0x44 ./Drivers/STM32F7xx_HAL_Driver/Src/stm32f7xx_hal_uart.o
 .comment       0x00000043       0x44 ./Drivers/STM32F7xx_HAL_Driver/Src/stm32f7xx_ll_usb.o

.debug_frame    0x00000000      0x71c
 .debug_frame   0x00000000       0x30 C:/ST/STM32CubeIDE_1.18.0/STM32CubeIDE/plugins/com.st.stm32cube.ide.mcu.externaltools.gnu-tools-for-stm32.13.3.rel1.win32_1.0.0.202411081344/tools/bin/../lib/gcc/arm-none-eabi/13.3.1/../../../../arm-none-eabi/lib/thumb/v7e-m+dp/hard\libc_nano.a(libc_a-atoi.o)
 .debug_frame   0x00000030       0x50 C:/ST/STM32CubeIDE_1.18.0/STM32CubeIDE/plugins/com.st.stm32cube.ide.mcu.externaltools.gnu-tools-for-stm32.13.3.rel1.win32_1.0.0.202411081344/tools/bin/../lib/gcc/arm-none-eabi/13.3.1/../../../../arm-none-eabi/lib/thumb/v7e-m+dp/hard\libc_nano.a(libc_a-mallocr.o)
 .debug_frame   0x00000080       0x30 C:/ST/STM32CubeIDE_1.18.0/STM32CubeIDE/plugins/com.st.stm32cube.ide.mcu.externaltools.gnu-tools-for-stm32.13.3.rel1.win32_1.0.0.202411081344/tools/bin/../lib/gcc/arm-none-eabi/13.3.1/../../../../arm-none-eabi/lib/thumb/v7e-m+dp/hard\libc_nano.a(libc_a-mlock.o)
 .debug_frame   0x000000b0       0x64 C:/ST/STM32CubeIDE_1.18.0/STM32CubeIDE/plugins/com.st.stm32cube.ide.mcu.externaltools.gnu-tools-for-stm32.13.3.rel1.win32_1.0.0.202411081344/tools/bin/../lib/gcc/arm-none-eabi/13.3.1/../../../../arm-none-eabi/lib/thumb/v7e-m+dp/hard\libc_nano.a(libc_a-strtol.o)
 .debug_frame   0x00000114      0x144 C:/ST/STM32CubeIDE_1.18.0/STM32CubeIDE/plugins/com.st.stm32cube.ide.mcu.externaltools.gnu-tools-for-stm32.13.3.rel1.win32_1.0.0.202411081344/tools/bin/../lib/gcc/arm-none-eabi/13.3.1/../../../../arm-none-eabi/lib/thumb/v7e-m+dp/hard\libc_nano.a(libc_a-findfp.o)
 .debug_frame   0x00000258       0x7c C:/ST/STM32CubeIDE_1.18.0/STM32CubeIDE/plugins/com.st.stm32cube.ide.mcu.externaltools.gnu-tools-for-stm32.13.3.rel1.win32_1.0.0.202411081344/tools/bin/../lib/gcc/arm-none-eabi/13.3.1/../../../../arm-none-eabi/lib/thumb/v7e-m+dp/hard\libc_nano.a(libc_a-snprintf.o)
 .debug_frame   0x000002d4       0x28 C:/ST/STM32CubeIDE_1.18.0/STM32CubeIDE/plugins/com.st.stm32cube.ide.mcu.externaltools.gnu-tools-for-stm32.13.3.rel1.win32_1.0.0.202411081344/tools/bin/../lib/gcc/arm-none-eabi/13.3.1/../../../../arm-none-eabi/lib/thumb/v7e-m+dp/hard\libc_nano.a(libc_a-memmove.o)
 .debug_frame   0x000002fc       0x20 C:/ST/STM32CubeIDE_1.18.0/STM32CubeIDE/plugins/com.st.stm32cube.ide.mcu.externaltools.gnu-tools-for-stm32.13.3.rel1.win32_1.0.0.202411081344/tools/bin/../lib/gcc/arm-none-eabi/13.3.1/../../../../arm-none-eabi/lib/thumb/v7e-m+dp/hard\libc_nano.a(libc_a-memset.o)
 .debug_frame   0x0000031c       0x20 C:/ST/STM32CubeIDE_1.18.0/STM32CubeIDE/plugins/com.st.stm32cube.ide.mcu.externaltools.gnu-tools-for-stm32.13.3.rel1.win32_1.0.0.202411081344/tools/bin/../lib/gcc/arm-none-eabi/13.3.1/../../../../arm-none-eabi/lib/thumb/v7e-m+dp/hard\libc_nano.a(libc_a-strchr.o)
 .debug_frame   0x0000033c       0x28 C:/ST/STM32CubeIDE_1.18.0/STM32CubeIDE/plugins/com.st.stm32cube.ide.mcu.externaltools.gnu-tools-for-stm32.13.3.rel1.win32_1.0.0.202411081344/tools/bin/../lib/gcc/arm-none-eabi/13.3.1/../../../../arm-none-eabi/lib/thumb/v7e-m+dp/hard\libc_nano.a(libc_a-strncmp.o)
 .debug_frame   0x00000364       0x2c C:/ST/STM32CubeIDE_1.18.0/STM32CubeIDE/plugins/com.st.stm32cube.ide.mcu.externaltools.gnu-tools-for-stm32.13.3.rel1.win32_1.0.0.202411081344/tools/bin/../lib/gcc/arm-none-eabi/13.3.1/../../../../arm-none-eabi/lib/thumb/v7e-m+dp/hard\libc_nano.a(libc_a-strstr.o)
 .debug_frame   0x00000390       0x38 C:/ST/STM32CubeIDE_1.18.0/STM32CubeIDE/plugins/com.st.stm32cube.ide.mcu.externaltools.gnu-tools-for-stm32.13.3.rel1.win32_1.0.0.202411081344/tools/bin/../lib/gcc/arm-none-eabi/13.3.1/../../../../arm-none-eabi/lib/thumb/v7e-m+dp/hard\libc_nano.a(libc_a-reent.o)
 .debug_frame   0x000003c8       0x2c C:/ST/STM32CubeIDE_1.18.0/STM32CubeIDE/plugins/com.st.stm32cube.ide.mcu.externaltools.gnu-tools-for-stm32.13.3.rel1.win32_1.0.0.202411081344/tools/bin/../lib/gcc/arm-none-eabi/13.3.1/../../../../arm-none-eabi/lib/thumb/v7e-m+dp/hard\libc_nano.a(libc_a-sbrkr.o)
 .debug_frame   0x000003f4       0x20 C:/ST/STM32CubeIDE_1.18.0/STM32CubeIDE/plugins/com.st.stm32cube.ide.mcu.externaltools.gnu-tools-for-stm32.13.3.rel1.win32_1.0.0.202411081344/tools/bin/../lib/gcc/arm-none-eabi/13.3.1/../../../../arm-none-eabi/lib/thumb/v7e-m+dp/hard\libc_nano.a(libc_a-errno.o)
 .debug_frame   0x00000414       0x2c C:/ST/STM32CubeIDE_1.18.0/STM32CubeIDE/plugins/com.st.stm32cube.ide.mcu.externaltools.gnu-tools-for-stm32.13.3.rel1.win32_1.0.0.202411081344/tools/bin/../lib/gcc/arm-none-eabi/13.3.1/../../../../arm-none-eabi/lib/thumb/v7e-m+dp/hard\libc_nano.a(libc_a-init.o)
 .debug_frame   0x00000440       0xb0 C:/ST/STM32CubeIDE_1.18.0/STM32CubeIDE/plugins/com.st.stm32cube.ide.mcu.externaltools.gnu-tools-for-stm32.13.3.rel1.win32_1.0.0.202411081344/tools/bin/../lib/gcc/arm-none-eabi/13.3.1/../../../../arm-none-eabi/lib/thumb/v7e-m+dp/hard\libc_nano.a(libc_a-lock.o)
 .debug_frame   0x000004f0       0x20 C:/ST/STM32CubeIDE_1.18.0/STM32CubeIDE/plugins/com.st.stm32cube.ide.mcu.externaltools.gnu-tools-for-stm32.13.3.rel1.win32_1.0.0.202411081344/tools/bin/../lib/gcc/arm-none-eabi/13.3.1/../../../../arm-none-eabi/lib/thumb/v7e-m+dp/hard\libc_nano.a(libc_a-strcmp.o)
 .debug_frame   0x00000510       0x28 C:/ST/STM32CubeIDE_1.18.0/STM32CubeIDE/plugins/com.st.stm32cube.ide.mcu.externaltools.gnu-tools-for-stm32.13.3.rel1.win32_1.0.0.202411081344/tools/bin/../lib/gcc/arm-none-eabi/13.3.1/../../../../arm-none-eabi/lib/thumb/v7e-m+dp/hard\libc_nano.a(libc_a-memcpy-stub.o)
 .debug_frame   0x00000538       0x38 C:/ST/STM32CubeIDE_1.18.0/STM32CubeIDE/plugins/com.st.stm32cube.ide.mcu.externaltools.gnu-tools-for-stm32.13.3.rel1.win32_1.0.0.202411081344/tools/bin/../lib/gcc/arm-none-eabi/13.3.1/../../../../arm-none-eabi/lib/thumb/v7e-m+dp/hard\libc_nano.a(libc_a-freer.o)
 .debug_frame   0x00000570       0x90 C:/ST/STM32CubeIDE_1.18.0/STM32CubeIDE/plugins/com.st.stm32cube.ide.mcu.externaltools.gnu-tools-for-stm32.13.3.rel1.win32_1.0.0.202411081344/tools/bin/../lib/gcc/arm-none-eabi/13.3.1/../../../../arm-none-eabi/lib/thumb/v7e-m+dp/hard\libc_nano.a(libc_a-nano-svfprintf.o)
 .debug_frame   0x00000600       0x60 C:/ST/STM32CubeIDE_1.18.0/STM32CubeIDE/plugins/com.st.stm32cube.ide.mcu.externaltools.gnu-tools-for-stm32.13.3.rel1.win32_1.0.0.202411081344/tools/bin/../lib/gcc/arm-none-eabi/13.3.1/../../../../arm-none-eabi/lib/thumb/v7e-m+dp/hard\libc_nano.a(libc_a-nano-vfprintf_i.o)
 .debug_frame   0x00000660       0x3c C:/ST/STM32CubeIDE_1.18.0/STM32CubeIDE/plugins/com.st.stm32cube.ide.mcu.externaltools.gnu-tools-for-stm32.13.3.rel1.win32_1.0.0.202411081344/tools/bin/../lib/gcc/arm-none-eabi/13.3.1/../../../../arm-none-eabi/lib/thumb/v7e-m+dp/hard\libc_nano.a(libc_a-reallocr.o)
 .debug_frame   0x0000069c       0x20 C:/ST/STM32CubeIDE_1.18.0/STM32CubeIDE/plugins/com.st.stm32cube.ide.mcu.externaltools.gnu-tools-for-stm32.13.3.rel1.win32_1.0.0.202411081344/tools/bin/../lib/gcc/arm-none-eabi/13.3.1/../../../../arm-none-eabi/lib/thumb/v7e-m+dp/hard\libc_nano.a(libc_a-msizer.o)
 .debug_frame   0x000006bc       0x2c C:/ST/STM32CubeIDE_1.18.0/STM32CubeIDE/plugins/com.st.stm32cube.ide.mcu.externaltools.gnu-tools-for-stm32.13.3.rel1.win32_1.0.0.202411081344/tools/bin/../lib/gcc/arm-none-eabi/13.3.1/thumb/v7e-m+dp/hard\libgcc.a(_aeabi_uldivmod.o)
 .debug_frame   0x000006e8       0x34 C:/ST/STM32CubeIDE_1.18.0/STM32CubeIDE/plugins/com.st.stm32cube.ide.mcu.externaltools.gnu-tools-for-stm32.13.3.rel1.win32_1.0.0.202411081344/tools/bin/../lib/gcc/arm-none-eabi/13.3.1/thumb/v7e-m+dp/hard\libgcc.a(_udivmoddi4.o)